Archive member included to satisfy reference by file (symbol)

c:/st/stm32cubeide_1.7.0/stm32cubeide/plugins/com.st.stm32cube.ide.mcu.externaltools.gnu-tools-for-stm32.9-2020-q2-update.win32_2.0.0.202105311346/tools/bin/../lib/gcc/arm-none-eabi/9.3.1/../../../../arm-none-eabi/lib/thumb/v7e-m+fp/hard\libc_nano.a(lib_a-errno.o)
                              ./Core/Src/syscalls.o (__errno)
c:/st/stm32cubeide_1.7.0/stm32cubeide/plugins/com.st.stm32cube.ide.mcu.externaltools.gnu-tools-for-stm32.9-2020-q2-update.win32_2.0.0.202105311346/tools/bin/../lib/gcc/arm-none-eabi/9.3.1/../../../../arm-none-eabi/lib/thumb/v7e-m+fp/hard\libc_nano.a(lib_a-exit.o)
                              c:/st/stm32cubeide_1.7.0/stm32cubeide/plugins/com.st.stm32cube.ide.mcu.externaltools.gnu-tools-for-stm32.9-2020-q2-update.win32_2.0.0.202105311346/tools/bin/../lib/gcc/arm-none-eabi/9.3.1/../../../../arm-none-eabi/lib/thumb/v7e-m+fp/hard/crt0.o (exit)
c:/st/stm32cubeide_1.7.0/stm32cubeide/plugins/com.st.stm32cube.ide.mcu.externaltools.gnu-tools-for-stm32.9-2020-q2-update.win32_2.0.0.202105311346/tools/bin/../lib/gcc/arm-none-eabi/9.3.1/../../../../arm-none-eabi/lib/thumb/v7e-m+fp/hard\libc_nano.a(lib_a-impure.o)
                              c:/st/stm32cubeide_1.7.0/stm32cubeide/plugins/com.st.stm32cube.ide.mcu.externaltools.gnu-tools-for-stm32.9-2020-q2-update.win32_2.0.0.202105311346/tools/bin/../lib/gcc/arm-none-eabi/9.3.1/../../../../arm-none-eabi/lib/thumb/v7e-m+fp/hard\libc_nano.a(lib_a-exit.o) (_global_impure_ptr)
c:/st/stm32cubeide_1.7.0/stm32cubeide/plugins/com.st.stm32cube.ide.mcu.externaltools.gnu-tools-for-stm32.9-2020-q2-update.win32_2.0.0.202105311346/tools/bin/../lib/gcc/arm-none-eabi/9.3.1/../../../../arm-none-eabi/lib/thumb/v7e-m+fp/hard\libc_nano.a(lib_a-init.o)
                              c:/st/stm32cubeide_1.7.0/stm32cubeide/plugins/com.st.stm32cube.ide.mcu.externaltools.gnu-tools-for-stm32.9-2020-q2-update.win32_2.0.0.202105311346/tools/bin/../lib/gcc/arm-none-eabi/9.3.1/../../../../arm-none-eabi/lib/thumb/v7e-m+fp/hard/crt0.o (__libc_init_array)
c:/st/stm32cubeide_1.7.0/stm32cubeide/plugins/com.st.stm32cube.ide.mcu.externaltools.gnu-tools-for-stm32.9-2020-q2-update.win32_2.0.0.202105311346/tools/bin/../lib/gcc/arm-none-eabi/9.3.1/../../../../arm-none-eabi/lib/thumb/v7e-m+fp/hard\libc_nano.a(lib_a-memset.o)
                              c:/st/stm32cubeide_1.7.0/stm32cubeide/plugins/com.st.stm32cube.ide.mcu.externaltools.gnu-tools-for-stm32.9-2020-q2-update.win32_2.0.0.202105311346/tools/bin/../lib/gcc/arm-none-eabi/9.3.1/../../../../arm-none-eabi/lib/thumb/v7e-m+fp/hard/crt0.o (memset)
c:/st/stm32cubeide_1.7.0/stm32cubeide/plugins/com.st.stm32cube.ide.mcu.externaltools.gnu-tools-for-stm32.9-2020-q2-update.win32_2.0.0.202105311346/tools/bin/../lib/gcc/arm-none-eabi/9.3.1/../../../../arm-none-eabi/lib/thumb/v7e-m+fp/hard\libm.a(lib_a-wf_atan2.o)
                              ./Core/Src/gy271.o (atan2f)
c:/st/stm32cubeide_1.7.0/stm32cubeide/plugins/com.st.stm32cube.ide.mcu.externaltools.gnu-tools-for-stm32.9-2020-q2-update.win32_2.0.0.202105311346/tools/bin/../lib/gcc/arm-none-eabi/9.3.1/../../../../arm-none-eabi/lib/thumb/v7e-m+fp/hard\libm.a(lib_a-ef_atan2.o)
                              c:/st/stm32cubeide_1.7.0/stm32cubeide/plugins/com.st.stm32cube.ide.mcu.externaltools.gnu-tools-for-stm32.9-2020-q2-update.win32_2.0.0.202105311346/tools/bin/../lib/gcc/arm-none-eabi/9.3.1/../../../../arm-none-eabi/lib/thumb/v7e-m+fp/hard\libm.a(lib_a-wf_atan2.o) (__ieee754_atan2f)
c:/st/stm32cubeide_1.7.0/stm32cubeide/plugins/com.st.stm32cube.ide.mcu.externaltools.gnu-tools-for-stm32.9-2020-q2-update.win32_2.0.0.202105311346/tools/bin/../lib/gcc/arm-none-eabi/9.3.1/../../../../arm-none-eabi/lib/thumb/v7e-m+fp/hard\libm.a(lib_a-sf_atan.o)
                              c:/st/stm32cubeide_1.7.0/stm32cubeide/plugins/com.st.stm32cube.ide.mcu.externaltools.gnu-tools-for-stm32.9-2020-q2-update.win32_2.0.0.202105311346/tools/bin/../lib/gcc/arm-none-eabi/9.3.1/../../../../arm-none-eabi/lib/thumb/v7e-m+fp/hard\libm.a(lib_a-ef_atan2.o) (atanf)
c:/st/stm32cubeide_1.7.0/stm32cubeide/plugins/com.st.stm32cube.ide.mcu.externaltools.gnu-tools-for-stm32.9-2020-q2-update.win32_2.0.0.202105311346/tools/bin/../lib/gcc/arm-none-eabi/9.3.1/../../../../arm-none-eabi/lib/thumb/v7e-m+fp/hard\libm.a(lib_a-sf_fabs.o)
                              c:/st/stm32cubeide_1.7.0/stm32cubeide/plugins/com.st.stm32cube.ide.mcu.externaltools.gnu-tools-for-stm32.9-2020-q2-update.win32_2.0.0.202105311346/tools/bin/../lib/gcc/arm-none-eabi/9.3.1/../../../../arm-none-eabi/lib/thumb/v7e-m+fp/hard\libm.a(lib_a-ef_atan2.o) (fabsf)

Allocating common symbols
Common symbol       size              file

debug_gy271_raw_y   0x2               ./Core/Src/gy271.o
debug_gy271_status  0x1               ./Core/Src/gy271.o
debug_gy271_chip    0x1               ./Core/Src/gy271.o
debug_gy271_raw_z   0x2               ./Core/Src/gy271.o
debug_gy271_raw_x   0x2               ./Core/Src/gy271.o

Discarded input sections

 .text          0x0000000000000000        0x0 c:/st/stm32cubeide_1.7.0/stm32cubeide/plugins/com.st.stm32cube.ide.mcu.externaltools.gnu-tools-for-stm32.9-2020-q2-update.win32_2.0.0.202105311346/tools/bin/../lib/gcc/arm-none-eabi/9.3.1/thumb/v7e-m+fp/hard/crti.o
 .data          0x0000000000000000        0x0 c:/st/stm32cubeide_1.7.0/stm32cubeide/plugins/com.st.stm32cube.ide.mcu.externaltools.gnu-tools-for-stm32.9-2020-q2-update.win32_2.0.0.202105311346/tools/bin/../lib/gcc/arm-none-eabi/9.3.1/thumb/v7e-m+fp/hard/crti.o
 .bss           0x0000000000000000        0x0 c:/st/stm32cubeide_1.7.0/stm32cubeide/plugins/com.st.stm32cube.ide.mcu.externaltools.gnu-tools-for-stm32.9-2020-q2-update.win32_2.0.0.202105311346/tools/bin/../lib/gcc/arm-none-eabi/9.3.1/thumb/v7e-m+fp/hard/crti.o
 .data          0x0000000000000000        0x4 c:/st/stm32cubeide_1.7.0/stm32cubeide/plugins/com.st.stm32cube.ide.mcu.externaltools.gnu-tools-for-stm32.9-2020-q2-update.win32_2.0.0.202105311346/tools/bin/../lib/gcc/arm-none-eabi/9.3.1/thumb/v7e-m+fp/hard/crtbegin.o
 .text          0x0000000000000000       0x7c c:/st/stm32cubeide_1.7.0/stm32cubeide/plugins/com.st.stm32cube.ide.mcu.externaltools.gnu-tools-for-stm32.9-2020-q2-update.win32_2.0.0.202105311346/tools/bin/../lib/gcc/arm-none-eabi/9.3.1/../../../../arm-none-eabi/lib/thumb/v7e-m+fp/hard/crt0.o
 .data          0x0000000000000000        0x0 c:/st/stm32cubeide_1.7.0/stm32cubeide/plugins/com.st.stm32cube.ide.mcu.externaltools.gnu-tools-for-stm32.9-2020-q2-update.win32_2.0.0.202105311346/tools/bin/../lib/gcc/arm-none-eabi/9.3.1/../../../../arm-none-eabi/lib/thumb/v7e-m+fp/hard/crt0.o
 .bss           0x0000000000000000        0x0 c:/st/stm32cubeide_1.7.0/stm32cubeide/plugins/com.st.stm32cube.ide.mcu.externaltools.gnu-tools-for-stm32.9-2020-q2-update.win32_2.0.0.202105311346/tools/bin/../lib/gcc/arm-none-eabi/9.3.1/../../../../arm-none-eabi/lib/thumb/v7e-m+fp/hard/crt0.o
 .ARM.extab     0x0000000000000000        0x0 c:/st/stm32cubeide_1.7.0/stm32cubeide/plugins/com.st.stm32cube.ide.mcu.externaltools.gnu-tools-for-stm32.9-2020-q2-update.win32_2.0.0.202105311346/tools/bin/../lib/gcc/arm-none-eabi/9.3.1/../../../../arm-none-eabi/lib/thumb/v7e-m+fp/hard/crt0.o
 .ARM.exidx     0x0000000000000000       0x10 c:/st/stm32cubeide_1.7.0/stm32cubeide/plugins/com.st.stm32cube.ide.mcu.externaltools.gnu-tools-for-stm32.9-2020-q2-update.win32_2.0.0.202105311346/tools/bin/../lib/gcc/arm-none-eabi/9.3.1/../../../../arm-none-eabi/lib/thumb/v7e-m+fp/hard/crt0.o
 .ARM.attributes
                0x0000000000000000       0x1c c:/st/stm32cubeide_1.7.0/stm32cubeide/plugins/com.st.stm32cube.ide.mcu.externaltools.gnu-tools-for-stm32.9-2020-q2-update.win32_2.0.0.202105311346/tools/bin/../lib/gcc/arm-none-eabi/9.3.1/../../../../arm-none-eabi/lib/thumb/v7e-m+fp/hard/crt0.o
 .group         0x0000000000000000        0xc ./Core/Src/clock.o
 .group         0x0000000000000000        0xc ./Core/Src/clock.o
 .group         0x0000000000000000        0xc ./Core/Src/clock.o
 .group         0x0000000000000000        0xc ./Core/Src/clock.o
 .group         0x0000000000000000        0xc ./Core/Src/clock.o
 .group         0x0000000000000000        0xc ./Core/Src/clock.o
 .group         0x0000000000000000        0xc ./Core/Src/clock.o
 .group         0x0000000000000000        0xc ./Core/Src/clock.o
 .text          0x0000000000000000        0x0 ./Core/Src/clock.o
 .data          0x0000000000000000        0x0 ./Core/Src/clock.o
 .bss           0x0000000000000000        0x0 ./Core/Src/clock.o
 .text.clock_enable_AHB2
                0x0000000000000000       0x30 ./Core/Src/clock.o
 .group         0x0000000000000000        0xc ./Core/Src/delay.o
 .group         0x0000000000000000        0xc ./Core/Src/delay.o
 .group         0x0000000000000000        0xc ./Core/Src/delay.o
 .group         0x0000000000000000        0xc ./Core/Src/delay.o
 .group         0x0000000000000000        0xc ./Core/Src/delay.o
 .group         0x0000000000000000        0xc ./Core/Src/delay.o
 .group         0x0000000000000000        0xc ./Core/Src/delay.o
 .group         0x0000000000000000        0xc ./Core/Src/delay.o
 .text          0x0000000000000000        0x0 ./Core/Src/delay.o
 .data          0x0000000000000000        0x0 ./Core/Src/delay.o
 .bss           0x0000000000000000        0x0 ./Core/Src/delay.o
 .debug_macro   0x0000000000000000      0xaa2 ./Core/Src/delay.o
 .debug_macro   0x0000000000000000       0x16 ./Core/Src/delay.o
 .debug_macro   0x0000000000000000       0x22 ./Core/Src/delay.o
 .debug_macro   0x0000000000000000       0x8e ./Core/Src/delay.o
 .debug_macro   0x0000000000000000       0x51 ./Core/Src/delay.o
 .debug_macro   0x0000000000000000      0x103 ./Core/Src/delay.o
 .debug_macro   0x0000000000000000       0x6a ./Core/Src/delay.o
 .debug_macro   0x0000000000000000      0x1df ./Core/Src/delay.o
 .group         0x0000000000000000        0xc ./Core/Src/gy271.o
 .group         0x0000000000000000        0xc ./Core/Src/gy271.o
 .group         0x0000000000000000        0xc ./Core/Src/gy271.o
 .group         0x0000000000000000        0xc ./Core/Src/gy271.o
 .group         0x0000000000000000        0xc ./Core/Src/gy271.o
 .group         0x0000000000000000        0xc ./Core/Src/gy271.o
 .group         0x0000000000000000        0xc ./Core/Src/gy271.o
 .group         0x0000000000000000        0xc ./Core/Src/gy271.o
 .group         0x0000000000000000        0xc ./Core/Src/gy271.o
 .group         0x0000000000000000        0xc ./Core/Src/gy271.o
 .group         0x0000000000000000        0xc ./Core/Src/gy271.o
 .group         0x0000000000000000        0xc ./Core/Src/gy271.o
 .group         0x0000000000000000        0xc ./Core/Src/gy271.o
 .group         0x0000000000000000        0xc ./Core/Src/gy271.o
 .group         0x0000000000000000        0xc ./Core/Src/gy271.o
 .group         0x0000000000000000        0xc ./Core/Src/gy271.o
 .group         0x0000000000000000        0xc ./Core/Src/gy271.o
 .group         0x0000000000000000        0xc ./Core/Src/gy271.o
 .group         0x0000000000000000        0xc ./Core/Src/gy271.o
 .group         0x0000000000000000        0xc ./Core/Src/gy271.o
 .group         0x0000000000000000        0xc ./Core/Src/gy271.o
 .group         0x0000000000000000        0xc ./Core/Src/gy271.o
 .group         0x0000000000000000        0xc ./Core/Src/gy271.o
 .text          0x0000000000000000        0x0 ./Core/Src/gy271.o
 .data          0x0000000000000000        0x0 ./Core/Src/gy271.o
 .bss           0x0000000000000000        0x0 ./Core/Src/gy271.o
 .text.GY271_ConvertRawToMagnetic
                0x0000000000000000       0x74 ./Core/Src/gy271.o
 .text.GY271_CalculateHeading
                0x0000000000000000       0x78 ./Core/Src/gy271.o
 .text.GY271_ReadMagneticField
                0x0000000000000000       0x40 ./Core/Src/gy271.o
 .text.GY271_ReadHeading
                0x0000000000000000       0x40 ./Core/Src/gy271.o
 .text.GY271_ReadData
                0x0000000000000000       0x50 ./Core/Src/gy271.o
 .debug_macro   0x0000000000000000      0xaa2 ./Core/Src/gy271.o
 .debug_macro   0x0000000000000000       0x22 ./Core/Src/gy271.o
 .debug_macro   0x0000000000000000       0x8e ./Core/Src/gy271.o
 .debug_macro   0x0000000000000000       0x51 ./Core/Src/gy271.o
 .debug_macro   0x0000000000000000      0x103 ./Core/Src/gy271.o
 .debug_macro   0x0000000000000000       0x6a ./Core/Src/gy271.o
 .debug_macro   0x0000000000000000      0x1df ./Core/Src/gy271.o
 .group         0x0000000000000000        0xc ./Core/Src/i2c.o
 .group         0x0000000000000000        0xc ./Core/Src/i2c.o
 .group         0x0000000000000000        0xc ./Core/Src/i2c.o
 .group         0x0000000000000000        0xc ./Core/Src/i2c.o
 .group         0x0000000000000000        0xc ./Core/Src/i2c.o
 .group         0x0000000000000000        0xc ./Core/Src/i2c.o
 .group         0x0000000000000000        0xc ./Core/Src/i2c.o
 .group         0x0000000000000000        0xc ./Core/Src/i2c.o
 .text          0x0000000000000000        0x0 ./Core/Src/i2c.o
 .data          0x0000000000000000        0x0 ./Core/Src/i2c.o
 .bss           0x0000000000000000        0x0 ./Core/Src/i2c.o
 .data.GPIOB_AFRH
                0x0000000000000000        0x4 ./Core/Src/i2c.o
 .text.i2c_read_byte
                0x0000000000000000       0x78 ./Core/Src/i2c.o
 .text.i2c_master_transmit
                0x0000000000000000       0xa4 ./Core/Src/i2c.o
 .debug_macro   0x0000000000000000      0xaa2 ./Core/Src/i2c.o
 .debug_macro   0x0000000000000000       0x22 ./Core/Src/i2c.o
 .debug_macro   0x0000000000000000       0x8e ./Core/Src/i2c.o
 .debug_macro   0x0000000000000000       0x51 ./Core/Src/i2c.o
 .debug_macro   0x0000000000000000      0x103 ./Core/Src/i2c.o
 .debug_macro   0x0000000000000000       0x6a ./Core/Src/i2c.o
 .debug_macro   0x0000000000000000      0x1df ./Core/Src/i2c.o
 .debug_macro   0x0000000000000000       0x16 ./Core/Src/i2c.o
 .group         0x0000000000000000        0xc ./Core/Src/main.o
 .group         0x0000000000000000        0xc ./Core/Src/main.o
 .group         0x0000000000000000        0xc ./Core/Src/main.o
 .group         0x0000000000000000        0xc ./Core/Src/main.o
 .group         0x0000000000000000        0xc ./Core/Src/main.o
 .group         0x0000000000000000        0xc ./Core/Src/main.o
 .group         0x0000000000000000        0xc ./Core/Src/main.o
 .group         0x0000000000000000        0xc ./Core/Src/main.o
 .group         0x0000000000000000        0xc ./Core/Src/main.o
 .group         0x0000000000000000        0xc ./Core/Src/main.o
 .group         0x0000000000000000        0xc ./Core/Src/main.o
 .group         0x0000000000000000        0xc ./Core/Src/main.o
 .group         0x0000000000000000        0xc ./Core/Src/main.o
 .group         0x0000000000000000        0xc ./Core/Src/main.o
 .group         0x0000000000000000        0xc ./Core/Src/main.o
 .group         0x0000000000000000        0xc ./Core/Src/main.o
 .group         0x0000000000000000        0xc ./Core/Src/main.o
 .group         0x0000000000000000        0xc ./Core/Src/main.o
 .group         0x0000000000000000        0xc ./Core/Src/main.o
 .group         0x0000000000000000        0xc ./Core/Src/main.o
 .group         0x0000000000000000        0xc ./Core/Src/main.o
 .group         0x0000000000000000        0xc ./Core/Src/main.o
 .group         0x0000000000000000        0xc ./Core/Src/main.o
 .group         0x0000000000000000        0xc ./Core/Src/main.o
 .group         0x0000000000000000        0xc ./Core/Src/main.o
 .text          0x0000000000000000        0x0 ./Core/Src/main.o
 .data          0x0000000000000000        0x0 ./Core/Src/main.o
 .bss           0x0000000000000000        0x0 ./Core/Src/main.o
 .debug_macro   0x0000000000000000      0xaa2 ./Core/Src/main.o
 .debug_macro   0x0000000000000000       0x22 ./Core/Src/main.o
 .debug_macro   0x0000000000000000       0x8e ./Core/Src/main.o
 .debug_macro   0x0000000000000000       0x51 ./Core/Src/main.o
 .debug_macro   0x0000000000000000      0x103 ./Core/Src/main.o
 .debug_macro   0x0000000000000000       0x6a ./Core/Src/main.o
 .debug_macro   0x0000000000000000      0x1df ./Core/Src/main.o
 .debug_macro   0x0000000000000000       0x64 ./Core/Src/main.o
 .debug_macro   0x0000000000000000       0x16 ./Core/Src/main.o
 .debug_macro   0x0000000000000000       0x52 ./Core/Src/main.o
 .debug_macro   0x0000000000000000       0x18 ./Core/Src/main.o
 .debug_macro   0x0000000000000000       0x3c ./Core/Src/main.o
 .debug_macro   0x0000000000000000       0x34 ./Core/Src/main.o
 .debug_macro   0x0000000000000000      0x174 ./Core/Src/main.o
 .debug_macro   0x0000000000000000       0x16 ./Core/Src/main.o
 .debug_macro   0x0000000000000000       0x43 ./Core/Src/main.o
 .debug_macro   0x0000000000000000       0x34 ./Core/Src/main.o
 .debug_macro   0x0000000000000000       0x10 ./Core/Src/main.o
 .debug_macro   0x0000000000000000       0x58 ./Core/Src/main.o
 .debug_macro   0x0000000000000000       0x71 ./Core/Src/main.o
 .debug_macro   0x0000000000000000       0x1c ./Core/Src/main.o
 .debug_macro   0x0000000000000000      0x12a ./Core/Src/main.o
 .debug_macro   0x0000000000000000      0x339 ./Core/Src/main.o
 .debug_macro   0x0000000000000000      0x1a9 ./Core/Src/main.o
 .group         0x0000000000000000        0xc ./Core/Src/stm32f4xx_it.o
 .text          0x0000000000000000        0x0 ./Core/Src/stm32f4xx_it.o
 .data          0x0000000000000000        0x0 ./Core/Src/stm32f4xx_it.o
 .bss           0x0000000000000000        0x0 ./Core/Src/stm32f4xx_it.o
 .debug_macro   0x0000000000000000      0xaa2 ./Core/Src/stm32f4xx_it.o
 .group         0x0000000000000000        0xc ./Core/Src/syscalls.o
 .group         0x0000000000000000        0xc ./Core/Src/syscalls.o
 .group         0x0000000000000000        0xc ./Core/Src/syscalls.o
 .group         0x0000000000000000        0xc ./Core/Src/syscalls.o
 .group         0x0000000000000000        0xc ./Core/Src/syscalls.o
 .group         0x0000000000000000        0xc ./Core/Src/syscalls.o
 .group         0x0000000000000000        0xc ./Core/Src/syscalls.o
 .group         0x0000000000000000        0xc ./Core/Src/syscalls.o
 .group         0x0000000000000000        0xc ./Core/Src/syscalls.o
 .group         0x0000000000000000        0xc ./Core/Src/syscalls.o
 .group         0x0000000000000000        0xc ./Core/Src/syscalls.o
 .group         0x0000000000000000        0xc ./Core/Src/syscalls.o
 .group         0x0000000000000000        0xc ./Core/Src/syscalls.o
 .group         0x0000000000000000        0xc ./Core/Src/syscalls.o
 .group         0x0000000000000000        0xc ./Core/Src/syscalls.o
 .group         0x0000000000000000        0xc ./Core/Src/syscalls.o
 .group         0x0000000000000000        0xc ./Core/Src/syscalls.o
 .group         0x0000000000000000        0xc ./Core/Src/syscalls.o
 .group         0x0000000000000000        0xc ./Core/Src/syscalls.o
 .group         0x0000000000000000        0xc ./Core/Src/syscalls.o
 .group         0x0000000000000000        0xc ./Core/Src/syscalls.o
 .group         0x0000000000000000        0xc ./Core/Src/syscalls.o
 .group         0x0000000000000000        0xc ./Core/Src/syscalls.o
 .group         0x0000000000000000        0xc ./Core/Src/syscalls.o
 .group         0x0000000000000000        0xc ./Core/Src/syscalls.o
 .group         0x0000000000000000        0xc ./Core/Src/syscalls.o
 .group         0x0000000000000000        0xc ./Core/Src/syscalls.o
 .group         0x0000000000000000        0xc ./Core/Src/syscalls.o
 .group         0x0000000000000000        0xc ./Core/Src/syscalls.o
 .group         0x0000000000000000        0xc ./Core/Src/syscalls.o
 .group         0x0000000000000000        0xc ./Core/Src/syscalls.o
 .group         0x0000000000000000        0xc ./Core/Src/syscalls.o
 .group         0x0000000000000000        0xc ./Core/Src/syscalls.o
 .group         0x0000000000000000        0xc ./Core/Src/syscalls.o
 .group         0x0000000000000000        0xc ./Core/Src/syscalls.o
 .group         0x0000000000000000        0xc ./Core/Src/syscalls.o
 .group         0x0000000000000000        0xc ./Core/Src/syscalls.o
 .group         0x0000000000000000        0xc ./Core/Src/syscalls.o
 .group         0x0000000000000000        0xc ./Core/Src/syscalls.o
 .group         0x0000000000000000        0xc ./Core/Src/syscalls.o
 .group         0x0000000000000000        0xc ./Core/Src/syscalls.o
 .group         0x0000000000000000        0xc ./Core/Src/syscalls.o
 .group         0x0000000000000000        0xc ./Core/Src/syscalls.o
 .group         0x0000000000000000        0xc ./Core/Src/syscalls.o
 .group         0x0000000000000000        0xc ./Core/Src/syscalls.o
 .group         0x0000000000000000        0xc ./Core/Src/syscalls.o
 .group         0x0000000000000000        0xc ./Core/Src/syscalls.o
 .text          0x0000000000000000        0x0 ./Core/Src/syscalls.o
 .data          0x0000000000000000        0x0 ./Core/Src/syscalls.o
 .bss           0x0000000000000000        0x0 ./Core/Src/syscalls.o
 .bss.__env     0x0000000000000000        0x4 ./Core/Src/syscalls.o
 .data.environ  0x0000000000000000        0x4 ./Core/Src/syscalls.o
 .text.initialise_monitor_handles
                0x0000000000000000        0xe ./Core/Src/syscalls.o
 .text._getpid  0x0000000000000000       0x10 ./Core/Src/syscalls.o
 .text._kill    0x0000000000000000       0x20 ./Core/Src/syscalls.o
 .text._exit    0x0000000000000000       0x14 ./Core/Src/syscalls.o
 .text._read    0x0000000000000000       0x3a ./Core/Src/syscalls.o
 .text._write   0x0000000000000000       0x38 ./Core/Src/syscalls.o
 .text._close   0x0000000000000000       0x18 ./Core/Src/syscalls.o
 .text._fstat   0x0000000000000000       0x20 ./Core/Src/syscalls.o
 .text._isatty  0x0000000000000000       0x16 ./Core/Src/syscalls.o
 .text._lseek   0x0000000000000000       0x1a ./Core/Src/syscalls.o
 .text._open    0x0000000000000000       0x1c ./Core/Src/syscalls.o
 .text._wait    0x0000000000000000       0x1e ./Core/Src/syscalls.o
 .text._unlink  0x0000000000000000       0x1e ./Core/Src/syscalls.o
 .text._times   0x0000000000000000       0x18 ./Core/Src/syscalls.o
 .text._stat    0x0000000000000000       0x20 ./Core/Src/syscalls.o
 .text._link    0x0000000000000000       0x20 ./Core/Src/syscalls.o
 .text._fork    0x0000000000000000       0x16 ./Core/Src/syscalls.o
 .text._execve  0x0000000000000000       0x22 ./Core/Src/syscalls.o
 .debug_info    0x0000000000000000      0xfa8 ./Core/Src/syscalls.o
 .debug_abbrev  0x0000000000000000      0x286 ./Core/Src/syscalls.o
 .debug_aranges
                0x0000000000000000       0xa8 ./Core/Src/syscalls.o
 .debug_ranges  0x0000000000000000       0x98 ./Core/Src/syscalls.o
 .debug_macro   0x0000000000000000      0x24c ./Core/Src/syscalls.o
 .debug_macro   0x0000000000000000      0xaa2 ./Core/Src/syscalls.o
 .debug_macro   0x0000000000000000       0x22 ./Core/Src/syscalls.o
 .debug_macro   0x0000000000000000       0x4c ./Core/Src/syscalls.o
 .debug_macro   0x0000000000000000       0x18 ./Core/Src/syscalls.o
 .debug_macro   0x0000000000000000       0x94 ./Core/Src/syscalls.o
 .debug_macro   0x0000000000000000       0x3c ./Core/Src/syscalls.o
 .debug_macro   0x0000000000000000       0x34 ./Core/Src/syscalls.o
 .debug_macro   0x0000000000000000       0x57 ./Core/Src/syscalls.o
 .debug_macro   0x0000000000000000      0x174 ./Core/Src/syscalls.o
 .debug_macro   0x0000000000000000      0x339 ./Core/Src/syscalls.o
 .debug_macro   0x0000000000000000       0x16 ./Core/Src/syscalls.o
 .debug_macro   0x0000000000000000       0x43 ./Core/Src/syscalls.o
 .debug_macro   0x0000000000000000       0x34 ./Core/Src/syscalls.o
 .debug_macro   0x0000000000000000       0x10 ./Core/Src/syscalls.o
 .debug_macro   0x0000000000000000       0x58 ./Core/Src/syscalls.o
 .debug_macro   0x0000000000000000       0x71 ./Core/Src/syscalls.o
 .debug_macro   0x0000000000000000       0x1c ./Core/Src/syscalls.o
 .debug_macro   0x0000000000000000      0x12a ./Core/Src/syscalls.o
 .debug_macro   0x0000000000000000       0x10 ./Core/Src/syscalls.o
 .debug_macro   0x0000000000000000       0x35 ./Core/Src/syscalls.o
 .debug_macro   0x0000000000000000       0x10 ./Core/Src/syscalls.o
 .debug_macro   0x0000000000000000       0x10 ./Core/Src/syscalls.o
 .debug_macro   0x0000000000000000       0x10 ./Core/Src/syscalls.o
 .debug_macro   0x0000000000000000       0x6a ./Core/Src/syscalls.o
 .debug_macro   0x0000000000000000       0x1c ./Core/Src/syscalls.o
 .debug_macro   0x0000000000000000       0x52 ./Core/Src/syscalls.o
 .debug_macro   0x0000000000000000       0x22 ./Core/Src/syscalls.o
 .debug_macro   0x0000000000000000       0x10 ./Core/Src/syscalls.o
 .debug_macro   0x0000000000000000       0x40 ./Core/Src/syscalls.o
 .debug_macro   0x0000000000000000       0xd5 ./Core/Src/syscalls.o
 .debug_macro   0x0000000000000000       0x1c ./Core/Src/syscalls.o
 .debug_macro   0x0000000000000000       0x3d ./Core/Src/syscalls.o
 .debug_macro   0x0000000000000000       0x35 ./Core/Src/syscalls.o
 .debug_macro   0x0000000000000000      0x12c ./Core/Src/syscalls.o
 .debug_macro   0x0000000000000000       0x16 ./Core/Src/syscalls.o
 .debug_macro   0x0000000000000000       0x16 ./Core/Src/syscalls.o
 .debug_macro   0x0000000000000000       0x29 ./Core/Src/syscalls.o
 .debug_macro   0x0000000000000000       0x10 ./Core/Src/syscalls.o
 .debug_macro   0x0000000000000000      0x241 ./Core/Src/syscalls.o
 .debug_macro   0x0000000000000000       0x1c ./Core/Src/syscalls.o
 .debug_macro   0x0000000000000000       0x10 ./Core/Src/syscalls.o
 .debug_macro   0x0000000000000000       0x10 ./Core/Src/syscalls.o
 .debug_macro   0x0000000000000000       0x16 ./Core/Src/syscalls.o
 .debug_macro   0x0000000000000000      0x145 ./Core/Src/syscalls.o
 .debug_macro   0x0000000000000000      0x189 ./Core/Src/syscalls.o
 .debug_macro   0x0000000000000000       0x16 ./Core/Src/syscalls.o
 .debug_macro   0x0000000000000000       0xce ./Core/Src/syscalls.o
 .debug_line    0x0000000000000000      0x802 ./Core/Src/syscalls.o
 .debug_str     0x0000000000000000     0x8ebf ./Core/Src/syscalls.o
 .comment       0x0000000000000000       0x54 ./Core/Src/syscalls.o
 .debug_frame   0x0000000000000000      0x2ac ./Core/Src/syscalls.o
 .ARM.attributes
                0x0000000000000000       0x34 ./Core/Src/syscalls.o
 .group         0x0000000000000000        0xc ./Core/Src/sysmem.o
 .group         0x0000000000000000        0xc ./Core/Src/sysmem.o
 .group         0x0000000000000000        0xc ./Core/Src/sysmem.o
 .group         0x0000000000000000        0xc ./Core/Src/sysmem.o
 .group         0x0000000000000000        0xc ./Core/Src/sysmem.o
 .group         0x0000000000000000        0xc ./Core/Src/sysmem.o
 .group         0x0000000000000000        0xc ./Core/Src/sysmem.o
 .group         0x0000000000000000        0xc ./Core/Src/sysmem.o
 .group         0x0000000000000000        0xc ./Core/Src/sysmem.o
 .group         0x0000000000000000        0xc ./Core/Src/sysmem.o
 .group         0x0000000000000000        0xc ./Core/Src/sysmem.o
 .group         0x0000000000000000        0xc ./Core/Src/sysmem.o
 .group         0x0000000000000000        0xc ./Core/Src/sysmem.o
 .group         0x0000000000000000        0xc ./Core/Src/sysmem.o
 .group         0x0000000000000000        0xc ./Core/Src/sysmem.o
 .group         0x0000000000000000        0xc ./Core/Src/sysmem.o
 .group         0x0000000000000000        0xc ./Core/Src/sysmem.o
 .group         0x0000000000000000        0xc ./Core/Src/sysmem.o
 .group         0x0000000000000000        0xc ./Core/Src/sysmem.o
 .group         0x0000000000000000        0xc ./Core/Src/sysmem.o
 .group         0x0000000000000000        0xc ./Core/Src/sysmem.o
 .group         0x0000000000000000        0xc ./Core/Src/sysmem.o
 .text          0x0000000000000000        0x0 ./Core/Src/sysmem.o
 .data          0x0000000000000000        0x0 ./Core/Src/sysmem.o
 .bss           0x0000000000000000        0x0 ./Core/Src/sysmem.o
 .bss.__sbrk_heap_end
                0x0000000000000000        0x4 ./Core/Src/sysmem.o
 .text._sbrk    0x0000000000000000       0x6c ./Core/Src/sysmem.o
 .debug_info    0x0000000000000000      0xa25 ./Core/Src/sysmem.o
 .debug_abbrev  0x0000000000000000      0x1bf ./Core/Src/sysmem.o
 .debug_aranges
                0x0000000000000000       0x20 ./Core/Src/sysmem.o
 .debug_ranges  0x0000000000000000       0x10 ./Core/Src/sysmem.o
 .debug_macro   0x0000000000000000       0xff ./Core/Src/sysmem.o
 .debug_macro   0x0000000000000000      0xaa2 ./Core/Src/sysmem.o
 .debug_macro   0x0000000000000000       0x10 ./Core/Src/sysmem.o
 .debug_macro   0x0000000000000000       0x22 ./Core/Src/sysmem.o
 .debug_macro   0x0000000000000000       0x4c ./Core/Src/sysmem.o
 .debug_macro   0x0000000000000000       0x18 ./Core/Src/sysmem.o
 .debug_macro   0x0000000000000000       0x94 ./Core/Src/sysmem.o
 .debug_macro   0x0000000000000000       0x3c ./Core/Src/sysmem.o
 .debug_macro   0x0000000000000000       0x34 ./Core/Src/sysmem.o
 .debug_macro   0x0000000000000000      0x174 ./Core/Src/sysmem.o
 .debug_macro   0x0000000000000000       0x16 ./Core/Src/sysmem.o
 .debug_macro   0x0000000000000000       0x43 ./Core/Src/sysmem.o
 .debug_macro   0x0000000000000000       0x57 ./Core/Src/sysmem.o
 .debug_macro   0x0000000000000000       0x34 ./Core/Src/sysmem.o
 .debug_macro   0x0000000000000000       0x10 ./Core/Src/sysmem.o
 .debug_macro   0x0000000000000000       0x58 ./Core/Src/sysmem.o
 .debug_macro   0x0000000000000000       0x71 ./Core/Src/sysmem.o
 .debug_macro   0x0000000000000000       0x1c ./Core/Src/sysmem.o
 .debug_macro   0x0000000000000000      0x12a ./Core/Src/sysmem.o
 .debug_macro   0x0000000000000000      0x23b ./Core/Src/sysmem.o
 .debug_macro   0x0000000000000000      0x103 ./Core/Src/sysmem.o
 .debug_macro   0x0000000000000000       0x6a ./Core/Src/sysmem.o
 .debug_macro   0x0000000000000000      0x1df ./Core/Src/sysmem.o
 .debug_line    0x0000000000000000      0x4f8 ./Core/Src/sysmem.o
 .debug_str     0x0000000000000000     0x6292 ./Core/Src/sysmem.o
 .comment       0x0000000000000000       0x54 ./Core/Src/sysmem.o
 .debug_frame   0x0000000000000000       0x34 ./Core/Src/sysmem.o
 .ARM.attributes
                0x0000000000000000       0x34 ./Core/Src/sysmem.o
 .group         0x0000000000000000        0xc ./Core/Src/system_stm32f4xx.o
 .group         0x0000000000000000        0xc ./Core/Src/system_stm32f4xx.o
 .group         0x0000000000000000        0xc ./Core/Src/system_stm32f4xx.o
 .group         0x0000000000000000        0xc ./Core/Src/system_stm32f4xx.o
 .group         0x0000000000000000        0xc ./Core/Src/system_stm32f4xx.o
 .group         0x0000000000000000        0xc ./Core/Src/system_stm32f4xx.o
 .group         0x0000000000000000        0xc ./Core/Src/system_stm32f4xx.o
 .group         0x0000000000000000        0xc ./Core/Src/system_stm32f4xx.o
 .group         0x0000000000000000        0xc ./Core/Src/system_stm32f4xx.o
 .group         0x0000000000000000        0xc ./Core/Src/system_stm32f4xx.o
 .group         0x0000000000000000        0xc ./Core/Src/system_stm32f4xx.o
 .group         0x0000000000000000        0xc ./Core/Src/system_stm32f4xx.o
 .group         0x0000000000000000        0xc ./Core/Src/system_stm32f4xx.o
 .group         0x0000000000000000        0xc ./Core/Src/system_stm32f4xx.o
 .group         0x0000000000000000        0xc ./Core/Src/system_stm32f4xx.o
 .group         0x0000000000000000        0xc ./Core/Src/system_stm32f4xx.o
 .text          0x0000000000000000        0x0 ./Core/Src/system_stm32f4xx.o
 .data          0x0000000000000000        0x0 ./Core/Src/system_stm32f4xx.o
 .bss           0x0000000000000000        0x0 ./Core/Src/system_stm32f4xx.o
 .data.SystemCoreClock
                0x0000000000000000        0x4 ./Core/Src/system_stm32f4xx.o
 .rodata.AHBPrescTable
                0x0000000000000000       0x10 ./Core/Src/system_stm32f4xx.o
 .rodata.APBPrescTable
                0x0000000000000000        0x8 ./Core/Src/system_stm32f4xx.o
 .text.SystemCoreClockUpdate
                0x0000000000000000      0x100 ./Core/Src/system_stm32f4xx.o
 .debug_macro   0x0000000000000000      0xaa2 ./Core/Src/system_stm32f4xx.o
 .debug_macro   0x0000000000000000       0x22 ./Core/Src/system_stm32f4xx.o
 .debug_macro   0x0000000000000000       0x8e ./Core/Src/system_stm32f4xx.o
 .debug_macro   0x0000000000000000       0x51 ./Core/Src/system_stm32f4xx.o
 .debug_macro   0x0000000000000000      0x103 ./Core/Src/system_stm32f4xx.o
 .debug_macro   0x0000000000000000       0x6a ./Core/Src/system_stm32f4xx.o
 .debug_macro   0x0000000000000000      0x1df ./Core/Src/system_stm32f4xx.o
 .group         0x0000000000000000        0xc ./Core/Src/uart2.o
 .group         0x0000000000000000        0xc ./Core/Src/uart2.o
 .group         0x0000000000000000        0xc ./Core/Src/uart2.o
 .group         0x0000000000000000        0xc ./Core/Src/uart2.o
 .group         0x0000000000000000        0xc ./Core/Src/uart2.o
 .group         0x0000000000000000        0xc ./Core/Src/uart2.o
 .group         0x0000000000000000        0xc ./Core/Src/uart2.o
 .group         0x0000000000000000        0xc ./Core/Src/uart2.o
 .text          0x0000000000000000        0x0 ./Core/Src/uart2.o
 .data          0x0000000000000000        0x0 ./Core/Src/uart2.o
 .bss           0x0000000000000000        0x0 ./Core/Src/uart2.o
 .text.uart2_send_int
                0x0000000000000000       0x2a ./Core/Src/uart2.o
 .debug_macro   0x0000000000000000      0xaa2 ./Core/Src/uart2.o
 .debug_macro   0x0000000000000000       0x22 ./Core/Src/uart2.o
 .debug_macro   0x0000000000000000       0x8e ./Core/Src/uart2.o
 .debug_macro   0x0000000000000000       0x51 ./Core/Src/uart2.o
 .debug_macro   0x0000000000000000      0x103 ./Core/Src/uart2.o
 .debug_macro   0x0000000000000000       0x6a ./Core/Src/uart2.o
 .debug_macro   0x0000000000000000      0x1df ./Core/Src/uart2.o
 .debug_macro   0x0000000000000000       0x16 ./Core/Src/uart2.o
 .text          0x0000000000000000       0x14 ./Core/Startup/startup_stm32f411ceux.o
 .data          0x0000000000000000        0x0 ./Core/Startup/startup_stm32f411ceux.o
 .bss           0x0000000000000000        0x0 ./Core/Startup/startup_stm32f411ceux.o
 .text          0x0000000000000000        0x0 c:/st/stm32cubeide_1.7.0/stm32cubeide/plugins/com.st.stm32cube.ide.mcu.externaltools.gnu-tools-for-stm32.9-2020-q2-update.win32_2.0.0.202105311346/tools/bin/../lib/gcc/arm-none-eabi/9.3.1/../../../../arm-none-eabi/lib/thumb/v7e-m+fp/hard\libc_nano.a(lib_a-errno.o)
 .data          0x0000000000000000        0x0 c:/st/stm32cubeide_1.7.0/stm32cubeide/plugins/com.st.stm32cube.ide.mcu.externaltools.gnu-tools-for-stm32.9-2020-q2-update.win32_2.0.0.202105311346/tools/bin/../lib/gcc/arm-none-eabi/9.3.1/../../../../arm-none-eabi/lib/thumb/v7e-m+fp/hard\libc_nano.a(lib_a-errno.o)
 .bss           0x0000000000000000        0x0 c:/st/stm32cubeide_1.7.0/stm32cubeide/plugins/com.st.stm32cube.ide.mcu.externaltools.gnu-tools-for-stm32.9-2020-q2-update.win32_2.0.0.202105311346/tools/bin/../lib/gcc/arm-none-eabi/9.3.1/../../../../arm-none-eabi/lib/thumb/v7e-m+fp/hard\libc_nano.a(lib_a-errno.o)
 .text.__errno  0x0000000000000000        0xc c:/st/stm32cubeide_1.7.0/stm32cubeide/plugins/com.st.stm32cube.ide.mcu.externaltools.gnu-tools-for-stm32.9-2020-q2-update.win32_2.0.0.202105311346/tools/bin/../lib/gcc/arm-none-eabi/9.3.1/../../../../arm-none-eabi/lib/thumb/v7e-m+fp/hard\libc_nano.a(lib_a-errno.o)
 .debug_frame   0x0000000000000000       0x20 c:/st/stm32cubeide_1.7.0/stm32cubeide/plugins/com.st.stm32cube.ide.mcu.externaltools.gnu-tools-for-stm32.9-2020-q2-update.win32_2.0.0.202105311346/tools/bin/../lib/gcc/arm-none-eabi/9.3.1/../../../../arm-none-eabi/lib/thumb/v7e-m+fp/hard\libc_nano.a(lib_a-errno.o)
 .ARM.attributes
                0x0000000000000000       0x34 c:/st/stm32cubeide_1.7.0/stm32cubeide/plugins/com.st.stm32cube.ide.mcu.externaltools.gnu-tools-for-stm32.9-2020-q2-update.win32_2.0.0.202105311346/tools/bin/../lib/gcc/arm-none-eabi/9.3.1/../../../../arm-none-eabi/lib/thumb/v7e-m+fp/hard\libc_nano.a(lib_a-errno.o)
 .text          0x0000000000000000        0x0 c:/st/stm32cubeide_1.7.0/stm32cubeide/plugins/com.st.stm32cube.ide.mcu.externaltools.gnu-tools-for-stm32.9-2020-q2-update.win32_2.0.0.202105311346/tools/bin/../lib/gcc/arm-none-eabi/9.3.1/../../../../arm-none-eabi/lib/thumb/v7e-m+fp/hard\libc_nano.a(lib_a-exit.o)
 .data          0x0000000000000000        0x0 c:/st/stm32cubeide_1.7.0/stm32cubeide/plugins/com.st.stm32cube.ide.mcu.externaltools.gnu-tools-for-stm32.9-2020-q2-update.win32_2.0.0.202105311346/tools/bin/../lib/gcc/arm-none-eabi/9.3.1/../../../../arm-none-eabi/lib/thumb/v7e-m+fp/hard\libc_nano.a(lib_a-exit.o)
 .bss           0x0000000000000000        0x0 c:/st/stm32cubeide_1.7.0/stm32cubeide/plugins/com.st.stm32cube.ide.mcu.externaltools.gnu-tools-for-stm32.9-2020-q2-update.win32_2.0.0.202105311346/tools/bin/../lib/gcc/arm-none-eabi/9.3.1/../../../../arm-none-eabi/lib/thumb/v7e-m+fp/hard\libc_nano.a(lib_a-exit.o)
 .text.exit     0x0000000000000000       0x28 c:/st/stm32cubeide_1.7.0/stm32cubeide/plugins/com.st.stm32cube.ide.mcu.externaltools.gnu-tools-for-stm32.9-2020-q2-update.win32_2.0.0.202105311346/tools/bin/../lib/gcc/arm-none-eabi/9.3.1/../../../../arm-none-eabi/lib/thumb/v7e-m+fp/hard\libc_nano.a(lib_a-exit.o)
 .debug_frame   0x0000000000000000       0x28 c:/st/stm32cubeide_1.7.0/stm32cubeide/plugins/com.st.stm32cube.ide.mcu.externaltools.gnu-tools-for-stm32.9-2020-q2-update.win32_2.0.0.202105311346/tools/bin/../lib/gcc/arm-none-eabi/9.3.1/../../../../arm-none-eabi/lib/thumb/v7e-m+fp/hard\libc_nano.a(lib_a-exit.o)
 .ARM.attributes
                0x0000000000000000       0x34 c:/st/stm32cubeide_1.7.0/stm32cubeide/plugins/com.st.stm32cube.ide.mcu.externaltools.gnu-tools-for-stm32.9-2020-q2-update.win32_2.0.0.202105311346/tools/bin/../lib/gcc/arm-none-eabi/9.3.1/../../../../arm-none-eabi/lib/thumb/v7e-m+fp/hard\libc_nano.a(lib_a-exit.o)
 .text          0x0000000000000000        0x0 c:/st/stm32cubeide_1.7.0/stm32cubeide/plugins/com.st.stm32cube.ide.mcu.externaltools.gnu-tools-for-stm32.9-2020-q2-update.win32_2.0.0.202105311346/tools/bin/../lib/gcc/arm-none-eabi/9.3.1/../../../../arm-none-eabi/lib/thumb/v7e-m+fp/hard\libc_nano.a(lib_a-impure.o)
 .data          0x0000000000000000        0x0 c:/st/stm32cubeide_1.7.0/stm32cubeide/plugins/com.st.stm32cube.ide.mcu.externaltools.gnu-tools-for-stm32.9-2020-q2-update.win32_2.0.0.202105311346/tools/bin/../lib/gcc/arm-none-eabi/9.3.1/../../../../arm-none-eabi/lib/thumb/v7e-m+fp/hard\libc_nano.a(lib_a-impure.o)
 .bss           0x0000000000000000        0x0 c:/st/stm32cubeide_1.7.0/stm32cubeide/plugins/com.st.stm32cube.ide.mcu.externaltools.gnu-tools-for-stm32.9-2020-q2-update.win32_2.0.0.202105311346/tools/bin/../lib/gcc/arm-none-eabi/9.3.1/../../../../arm-none-eabi/lib/thumb/v7e-m+fp/hard\libc_nano.a(lib_a-impure.o)
 .data._impure_ptr
                0x0000000000000000        0x4 c:/st/stm32cubeide_1.7.0/stm32cubeide/plugins/com.st.stm32cube.ide.mcu.externaltools.gnu-tools-for-stm32.9-2020-q2-update.win32_2.0.0.202105311346/tools/bin/../lib/gcc/arm-none-eabi/9.3.1/../../../../arm-none-eabi/lib/thumb/v7e-m+fp/hard\libc_nano.a(lib_a-impure.o)
 .data.impure_data
                0x0000000000000000       0x60 c:/st/stm32cubeide_1.7.0/stm32cubeide/plugins/com.st.stm32cube.ide.mcu.externaltools.gnu-tools-for-stm32.9-2020-q2-update.win32_2.0.0.202105311346/tools/bin/../lib/gcc/arm-none-eabi/9.3.1/../../../../arm-none-eabi/lib/thumb/v7e-m+fp/hard\libc_nano.a(lib_a-impure.o)
 .rodata._global_impure_ptr
                0x0000000000000000        0x4 c:/st/stm32cubeide_1.7.0/stm32cubeide/plugins/com.st.stm32cube.ide.mcu.externaltools.gnu-tools-for-stm32.9-2020-q2-update.win32_2.0.0.202105311346/tools/bin/../lib/gcc/arm-none-eabi/9.3.1/../../../../arm-none-eabi/lib/thumb/v7e-m+fp/hard\libc_nano.a(lib_a-impure.o)
 .ARM.attributes
                0x0000000000000000       0x32 c:/st/stm32cubeide_1.7.0/stm32cubeide/plugins/com.st.stm32cube.ide.mcu.externaltools.gnu-tools-for-stm32.9-2020-q2-update.win32_2.0.0.202105311346/tools/bin/../lib/gcc/arm-none-eabi/9.3.1/../../../../arm-none-eabi/lib/thumb/v7e-m+fp/hard\libc_nano.a(lib_a-impure.o)
 .text          0x0000000000000000        0x0 c:/st/stm32cubeide_1.7.0/stm32cubeide/plugins/com.st.stm32cube.ide.mcu.externaltools.gnu-tools-for-stm32.9-2020-q2-update.win32_2.0.0.202105311346/tools/bin/../lib/gcc/arm-none-eabi/9.3.1/../../../../arm-none-eabi/lib/thumb/v7e-m+fp/hard\libc_nano.a(lib_a-init.o)
 .data          0x0000000000000000        0x0 c:/st/stm32cubeide_1.7.0/stm32cubeide/plugins/com.st.stm32cube.ide.mcu.externaltools.gnu-tools-for-stm32.9-2020-q2-update.win32_2.0.0.202105311346/tools/bin/../lib/gcc/arm-none-eabi/9.3.1/../../../../arm-none-eabi/lib/thumb/v7e-m+fp/hard\libc_nano.a(lib_a-init.o)
 .bss           0x0000000000000000        0x0 c:/st/stm32cubeide_1.7.0/stm32cubeide/plugins/com.st.stm32cube.ide.mcu.externaltools.gnu-tools-for-stm32.9-2020-q2-update.win32_2.0.0.202105311346/tools/bin/../lib/gcc/arm-none-eabi/9.3.1/../../../../arm-none-eabi/lib/thumb/v7e-m+fp/hard\libc_nano.a(lib_a-init.o)
 .text          0x0000000000000000        0x0 c:/st/stm32cubeide_1.7.0/stm32cubeide/plugins/com.st.stm32cube.ide.mcu.externaltools.gnu-tools-for-stm32.9-2020-q2-update.win32_2.0.0.202105311346/tools/bin/../lib/gcc/arm-none-eabi/9.3.1/../../../../arm-none-eabi/lib/thumb/v7e-m+fp/hard\libc_nano.a(lib_a-memset.o)
 .data          0x0000000000000000        0x0 c:/st/stm32cubeide_1.7.0/stm32cubeide/plugins/com.st.stm32cube.ide.mcu.externaltools.gnu-tools-for-stm32.9-2020-q2-update.win32_2.0.0.202105311346/tools/bin/../lib/gcc/arm-none-eabi/9.3.1/../../../../arm-none-eabi/lib/thumb/v7e-m+fp/hard\libc_nano.a(lib_a-memset.o)
 .bss           0x0000000000000000        0x0 c:/st/stm32cubeide_1.7.0/stm32cubeide/plugins/com.st.stm32cube.ide.mcu.externaltools.gnu-tools-for-stm32.9-2020-q2-update.win32_2.0.0.202105311346/tools/bin/../lib/gcc/arm-none-eabi/9.3.1/../../../../arm-none-eabi/lib/thumb/v7e-m+fp/hard\libc_nano.a(lib_a-memset.o)
 .text.memset   0x0000000000000000       0x10 c:/st/stm32cubeide_1.7.0/stm32cubeide/plugins/com.st.stm32cube.ide.mcu.externaltools.gnu-tools-for-stm32.9-2020-q2-update.win32_2.0.0.202105311346/tools/bin/../lib/gcc/arm-none-eabi/9.3.1/../../../../arm-none-eabi/lib/thumb/v7e-m+fp/hard\libc_nano.a(lib_a-memset.o)
 .debug_frame   0x0000000000000000       0x20 c:/st/stm32cubeide_1.7.0/stm32cubeide/plugins/com.st.stm32cube.ide.mcu.externaltools.gnu-tools-for-stm32.9-2020-q2-update.win32_2.0.0.202105311346/tools/bin/../lib/gcc/arm-none-eabi/9.3.1/../../../../arm-none-eabi/lib/thumb/v7e-m+fp/hard\libc_nano.a(lib_a-memset.o)
 .ARM.attributes
                0x0000000000000000       0x34 c:/st/stm32cubeide_1.7.0/stm32cubeide/plugins/com.st.stm32cube.ide.mcu.externaltools.gnu-tools-for-stm32.9-2020-q2-update.win32_2.0.0.202105311346/tools/bin/../lib/gcc/arm-none-eabi/9.3.1/../../../../arm-none-eabi/lib/thumb/v7e-m+fp/hard\libc_nano.a(lib_a-memset.o)
 .text          0x0000000000000000        0x0 c:/st/stm32cubeide_1.7.0/stm32cubeide/plugins/com.st.stm32cube.ide.mcu.externaltools.gnu-tools-for-stm32.9-2020-q2-update.win32_2.0.0.202105311346/tools/bin/../lib/gcc/arm-none-eabi/9.3.1/../../../../arm-none-eabi/lib/thumb/v7e-m+fp/hard\libm.a(lib_a-wf_atan2.o)
 .data          0x0000000000000000        0x0 c:/st/stm32cubeide_1.7.0/stm32cubeide/plugins/com.st.stm32cube.ide.mcu.externaltools.gnu-tools-for-stm32.9-2020-q2-update.win32_2.0.0.202105311346/tools/bin/../lib/gcc/arm-none-eabi/9.3.1/../../../../arm-none-eabi/lib/thumb/v7e-m+fp/hard\libm.a(lib_a-wf_atan2.o)
 .bss           0x0000000000000000        0x0 c:/st/stm32cubeide_1.7.0/stm32cubeide/plugins/com.st.stm32cube.ide.mcu.externaltools.gnu-tools-for-stm32.9-2020-q2-update.win32_2.0.0.202105311346/tools/bin/../lib/gcc/arm-none-eabi/9.3.1/../../../../arm-none-eabi/lib/thumb/v7e-m+fp/hard\libm.a(lib_a-wf_atan2.o)
 .text          0x0000000000000000        0x0 c:/st/stm32cubeide_1.7.0/stm32cubeide/plugins/com.st.stm32cube.ide.mcu.externaltools.gnu-tools-for-stm32.9-2020-q2-update.win32_2.0.0.202105311346/tools/bin/../lib/gcc/arm-none-eabi/9.3.1/../../../../arm-none-eabi/lib/thumb/v7e-m+fp/hard\libm.a(lib_a-ef_atan2.o)
 .data          0x0000000000000000        0x0 c:/st/stm32cubeide_1.7.0/stm32cubeide/plugins/com.st.stm32cube.ide.mcu.externaltools.gnu-tools-for-stm32.9-2020-q2-update.win32_2.0.0.202105311346/tools/bin/../lib/gcc/arm-none-eabi/9.3.1/../../../../arm-none-eabi/lib/thumb/v7e-m+fp/hard\libm.a(lib_a-ef_atan2.o)
 .bss           0x0000000000000000        0x0 c:/st/stm32cubeide_1.7.0/stm32cubeide/plugins/com.st.stm32cube.ide.mcu.externaltools.gnu-tools-for-stm32.9-2020-q2-update.win32_2.0.0.202105311346/tools/bin/../lib/gcc/arm-none-eabi/9.3.1/../../../../arm-none-eabi/lib/thumb/v7e-m+fp/hard\libm.a(lib_a-ef_atan2.o)
 .text          0x0000000000000000        0x0 c:/st/stm32cubeide_1.7.0/stm32cubeide/plugins/com.st.stm32cube.ide.mcu.externaltools.gnu-tools-for-stm32.9-2020-q2-update.win32_2.0.0.202105311346/tools/bin/../lib/gcc/arm-none-eabi/9.3.1/../../../../arm-none-eabi/lib/thumb/v7e-m+fp/hard\libm.a(lib_a-sf_atan.o)
 .data          0x0000000000000000        0x0 c:/st/stm32cubeide_1.7.0/stm32cubeide/plugins/com.st.stm32cube.ide.mcu.externaltools.gnu-tools-for-stm32.9-2020-q2-update.win32_2.0.0.202105311346/tools/bin/../lib/gcc/arm-none-eabi/9.3.1/../../../../arm-none-eabi/lib/thumb/v7e-m+fp/hard\libm.a(lib_a-sf_atan.o)
 .bss           0x0000000000000000        0x0 c:/st/stm32cubeide_1.7.0/stm32cubeide/plugins/com.st.stm32cube.ide.mcu.externaltools.gnu-tools-for-stm32.9-2020-q2-update.win32_2.0.0.202105311346/tools/bin/../lib/gcc/arm-none-eabi/9.3.1/../../../../arm-none-eabi/lib/thumb/v7e-m+fp/hard\libm.a(lib_a-sf_atan.o)
 .text          0x0000000000000000        0x0 c:/st/stm32cubeide_1.7.0/stm32cubeide/plugins/com.st.stm32cube.ide.mcu.externaltools.gnu-tools-for-stm32.9-2020-q2-update.win32_2.0.0.202105311346/tools/bin/../lib/gcc/arm-none-eabi/9.3.1/../../../../arm-none-eabi/lib/thumb/v7e-m+fp/hard\libm.a(lib_a-sf_fabs.o)
 .data          0x0000000000000000        0x0 c:/st/stm32cubeide_1.7.0/stm32cubeide/plugins/com.st.stm32cube.ide.mcu.externaltools.gnu-tools-for-stm32.9-2020-q2-update.win32_2.0.0.202105311346/tools/bin/../lib/gcc/arm-none-eabi/9.3.1/../../../../arm-none-eabi/lib/thumb/v7e-m+fp/hard\libm.a(lib_a-sf_fabs.o)
 .bss           0x0000000000000000        0x0 c:/st/stm32cubeide_1.7.0/stm32cubeide/plugins/com.st.stm32cube.ide.mcu.externaltools.gnu-tools-for-stm32.9-2020-q2-update.win32_2.0.0.202105311346/tools/bin/../lib/gcc/arm-none-eabi/9.3.1/../../../../arm-none-eabi/lib/thumb/v7e-m+fp/hard\libm.a(lib_a-sf_fabs.o)
 .text          0x0000000000000000        0x0 c:/st/stm32cubeide_1.7.0/stm32cubeide/plugins/com.st.stm32cube.ide.mcu.externaltools.gnu-tools-for-stm32.9-2020-q2-update.win32_2.0.0.202105311346/tools/bin/../lib/gcc/arm-none-eabi/9.3.1/thumb/v7e-m+fp/hard/crtend.o
 .data          0x0000000000000000        0x0 c:/st/stm32cubeide_1.7.0/stm32cubeide/plugins/com.st.stm32cube.ide.mcu.externaltools.gnu-tools-for-stm32.9-2020-q2-update.win32_2.0.0.202105311346/tools/bin/../lib/gcc/arm-none-eabi/9.3.1/thumb/v7e-m+fp/hard/crtend.o
 .bss           0x0000000000000000        0x0 c:/st/stm32cubeide_1.7.0/stm32cubeide/plugins/com.st.stm32cube.ide.mcu.externaltools.gnu-tools-for-stm32.9-2020-q2-update.win32_2.0.0.202105311346/tools/bin/../lib/gcc/arm-none-eabi/9.3.1/thumb/v7e-m+fp/hard/crtend.o
 .eh_frame      0x0000000000000000        0x4 c:/st/stm32cubeide_1.7.0/stm32cubeide/plugins/com.st.stm32cube.ide.mcu.externaltools.gnu-tools-for-stm32.9-2020-q2-update.win32_2.0.0.202105311346/tools/bin/../lib/gcc/arm-none-eabi/9.3.1/thumb/v7e-m+fp/hard/crtend.o
 .ARM.attributes
                0x0000000000000000       0x32 c:/st/stm32cubeide_1.7.0/stm32cubeide/plugins/com.st.stm32cube.ide.mcu.externaltools.gnu-tools-for-stm32.9-2020-q2-update.win32_2.0.0.202105311346/tools/bin/../lib/gcc/arm-none-eabi/9.3.1/thumb/v7e-m+fp/hard/crtend.o
 .text          0x0000000000000000        0x0 c:/st/stm32cubeide_1.7.0/stm32cubeide/plugins/com.st.stm32cube.ide.mcu.externaltools.gnu-tools-for-stm32.9-2020-q2-update.win32_2.0.0.202105311346/tools/bin/../lib/gcc/arm-none-eabi/9.3.1/thumb/v7e-m+fp/hard/crtn.o
 .data          0x0000000000000000        0x0 c:/st/stm32cubeide_1.7.0/stm32cubeide/plugins/com.st.stm32cube.ide.mcu.externaltools.gnu-tools-for-stm32.9-2020-q2-update.win32_2.0.0.202105311346/tools/bin/../lib/gcc/arm-none-eabi/9.3.1/thumb/v7e-m+fp/hard/crtn.o
 .bss           0x0000000000000000        0x0 c:/st/stm32cubeide_1.7.0/stm32cubeide/plugins/com.st.stm32cube.ide.mcu.externaltools.gnu-tools-for-stm32.9-2020-q2-update.win32_2.0.0.202105311346/tools/bin/../lib/gcc/arm-none-eabi/9.3.1/thumb/v7e-m+fp/hard/crtn.o

Memory Configuration

Name             Origin             Length             Attributes
RAM              0x0000000020000000 0x0000000000020000 xrw
FLASH            0x0000000008000000 0x0000000000080000 xr
*default*        0x0000000000000000 0xffffffffffffffff

Linker script and memory map

LOAD c:/st/stm32cubeide_1.7.0/stm32cubeide/plugins/com.st.stm32cube.ide.mcu.externaltools.gnu-tools-for-stm32.9-2020-q2-update.win32_2.0.0.202105311346/tools/bin/../lib/gcc/arm-none-eabi/9.3.1/thumb/v7e-m+fp/hard/crti.o
LOAD c:/st/stm32cubeide_1.7.0/stm32cubeide/plugins/com.st.stm32cube.ide.mcu.externaltools.gnu-tools-for-stm32.9-2020-q2-update.win32_2.0.0.202105311346/tools/bin/../lib/gcc/arm-none-eabi/9.3.1/thumb/v7e-m+fp/hard/crtbegin.o
LOAD c:/st/stm32cubeide_1.7.0/stm32cubeide/plugins/com.st.stm32cube.ide.mcu.externaltools.gnu-tools-for-stm32.9-2020-q2-update.win32_2.0.0.202105311346/tools/bin/../lib/gcc/arm-none-eabi/9.3.1/../../../../arm-none-eabi/lib/thumb/v7e-m+fp/hard/crt0.o
LOAD ./Core/Src/clock.o
LOAD ./Core/Src/delay.o
LOAD ./Core/Src/gy271.o
LOAD ./Core/Src/i2c.o
LOAD ./Core/Src/main.o
LOAD ./Core/Src/stm32f4xx_it.o
LOAD ./Core/Src/syscalls.o
LOAD ./Core/Src/sysmem.o
LOAD ./Core/Src/system_stm32f4xx.o
LOAD ./Core/Src/uart2.o
LOAD ./Core/Startup/startup_stm32f411ceux.o
START GROUP
LOAD c:/st/stm32cubeide_1.7.0/stm32cubeide/plugins/com.st.stm32cube.ide.mcu.externaltools.gnu-tools-for-stm32.9-2020-q2-update.win32_2.0.0.202105311346/tools/bin/../lib/gcc/arm-none-eabi/9.3.1/../../../../arm-none-eabi/lib/thumb/v7e-m+fp/hard\libc_nano.a
LOAD c:/st/stm32cubeide_1.7.0/stm32cubeide/plugins/com.st.stm32cube.ide.mcu.externaltools.gnu-tools-for-stm32.9-2020-q2-update.win32_2.0.0.202105311346/tools/bin/../lib/gcc/arm-none-eabi/9.3.1/../../../../arm-none-eabi/lib/thumb/v7e-m+fp/hard\libm.a
END GROUP
START GROUP
LOAD c:/st/stm32cubeide_1.7.0/stm32cubeide/plugins/com.st.stm32cube.ide.mcu.externaltools.gnu-tools-for-stm32.9-2020-q2-update.win32_2.0.0.202105311346/tools/bin/../lib/gcc/arm-none-eabi/9.3.1/thumb/v7e-m+fp/hard\libgcc.a
LOAD c:/st/stm32cubeide_1.7.0/stm32cubeide/plugins/com.st.stm32cube.ide.mcu.externaltools.gnu-tools-for-stm32.9-2020-q2-update.win32_2.0.0.202105311346/tools/bin/../lib/gcc/arm-none-eabi/9.3.1/../../../../arm-none-eabi/lib/thumb/v7e-m+fp/hard\libc_nano.a
END GROUP
START GROUP
LOAD c:/st/stm32cubeide_1.7.0/stm32cubeide/plugins/com.st.stm32cube.ide.mcu.externaltools.gnu-tools-for-stm32.9-2020-q2-update.win32_2.0.0.202105311346/tools/bin/../lib/gcc/arm-none-eabi/9.3.1/thumb/v7e-m+fp/hard\libgcc.a
LOAD c:/st/stm32cubeide_1.7.0/stm32cubeide/plugins/com.st.stm32cube.ide.mcu.externaltools.gnu-tools-for-stm32.9-2020-q2-update.win32_2.0.0.202105311346/tools/bin/../lib/gcc/arm-none-eabi/9.3.1/../../../../arm-none-eabi/lib/thumb/v7e-m+fp/hard\libc_nano.a
LOAD c:/st/stm32cubeide_1.7.0/stm32cubeide/plugins/com.st.stm32cube.ide.mcu.externaltools.gnu-tools-for-stm32.9-2020-q2-update.win32_2.0.0.202105311346/tools/bin/../lib/gcc/arm-none-eabi/9.3.1/../../../../arm-none-eabi/lib/thumb/v7e-m+fp/hard\libnosys.a
END GROUP
START GROUP
LOAD c:/st/stm32cubeide_1.7.0/stm32cubeide/plugins/com.st.stm32cube.ide.mcu.externaltools.gnu-tools-for-stm32.9-2020-q2-update.win32_2.0.0.202105311346/tools/bin/../lib/gcc/arm-none-eabi/9.3.1/thumb/v7e-m+fp/hard\libgcc.a
LOAD c:/st/stm32cubeide_1.7.0/stm32cubeide/plugins/com.st.stm32cube.ide.mcu.externaltools.gnu-tools-for-stm32.9-2020-q2-update.win32_2.0.0.202105311346/tools/bin/../lib/gcc/arm-none-eabi/9.3.1/../../../../arm-none-eabi/lib/thumb/v7e-m+fp/hard\libc_nano.a
LOAD c:/st/stm32cubeide_1.7.0/stm32cubeide/plugins/com.st.stm32cube.ide.mcu.externaltools.gnu-tools-for-stm32.9-2020-q2-update.win32_2.0.0.202105311346/tools/bin/../lib/gcc/arm-none-eabi/9.3.1/../../../../arm-none-eabi/lib/thumb/v7e-m+fp/hard\libnosys.a
END GROUP
LOAD c:/st/stm32cubeide_1.7.0/stm32cubeide/plugins/com.st.stm32cube.ide.mcu.externaltools.gnu-tools-for-stm32.9-2020-q2-update.win32_2.0.0.202105311346/tools/bin/../lib/gcc/arm-none-eabi/9.3.1/thumb/v7e-m+fp/hard/crtend.o
LOAD c:/st/stm32cubeide_1.7.0/stm32cubeide/plugins/com.st.stm32cube.ide.mcu.externaltools.gnu-tools-for-stm32.9-2020-q2-update.win32_2.0.0.202105311346/tools/bin/../lib/gcc/arm-none-eabi/9.3.1/thumb/v7e-m+fp/hard/crtn.o
                0x0000000020020000                _estack = (ORIGIN (RAM) + LENGTH (RAM))
                0x0000000000000200                _Min_Heap_Size = 0x200
                0x0000000000000400                _Min_Stack_Size = 0x400

.isr_vector     0x0000000008000000      0x198
                0x0000000008000000                . = ALIGN (0x4)
 *(.isr_vector)
 .isr_vector    0x0000000008000000      0x198 ./Core/Startup/startup_stm32f411ceux.o
                0x0000000008000000                g_pfnVectors
                0x0000000008000198                . = ALIGN (0x4)

.text           0x0000000008000198     0x1914
                0x0000000008000198                . = ALIGN (0x4)
 *(.text)
 .text          0x0000000008000198       0x40 c:/st/stm32cubeide_1.7.0/stm32cubeide/plugins/com.st.stm32cube.ide.mcu.externaltools.gnu-tools-for-stm32.9-2020-q2-update.win32_2.0.0.202105311346/tools/bin/../lib/gcc/arm-none-eabi/9.3.1/thumb/v7e-m+fp/hard/crtbegin.o
 *(.text*)
 .text.clock_init
                0x00000000080001d8      0x140 ./Core/Src/clock.o
                0x00000000080001d8                clock_init
 .text.clock_enable_AHB1
                0x0000000008000318       0x30 ./Core/Src/clock.o
                0x0000000008000318                clock_enable_AHB1
 .text.clock_enable_APB1
                0x0000000008000348       0x30 ./Core/Src/clock.o
                0x0000000008000348                clock_enable_APB1
 .text.clock_enable_APB2
                0x0000000008000378       0x30 ./Core/Src/clock.o
                0x0000000008000378                clock_enable_APB2
 .text.delay_init
                0x00000000080003a8       0x74 ./Core/Src/delay.o
                0x00000000080003a8                delay_init
 .text.TIM1_UP_TIM10_IRQHandler
                0x000000000800041c       0x38 ./Core/Src/delay.o
                0x000000000800041c                TIM1_UP_TIM10_IRQHandler
 .text.delay_ms
                0x0000000008000454       0x30 ./Core/Src/delay.o
                0x0000000008000454                delay_ms
 .text.GY271_WriteReg
                0x0000000008000484       0x38 ./Core/Src/gy271.o
 .text.GY271_ReadReg
                0x00000000080004bc       0x34 ./Core/Src/gy271.o
 .text.GY271_ReadRegs
                0x00000000080004f0       0x38 ./Core/Src/gy271.o
 .text.GY271_CheckID
                0x0000000008000528       0xa8 ./Core/Src/gy271.o
 .text.GY271_Reset
                0x00000000080005d0       0x30 ./Core/Src/gy271.o
 .text.GY271_SetConfig
                0x0000000008000600       0x90 ./Core/Src/gy271.o
 .text.GY271_WaitDataReady
                0x0000000008000690       0x9c ./Core/Src/gy271.o
 .text.GY271_Init
                0x000000000800072c       0x3e ./Core/Src/gy271.o
                0x000000000800072c                GY271_Init
 *fill*         0x000000000800076a        0x2 
 .text.GY271_ReadRawData
                0x000000000800076c      0x10c ./Core/Src/gy271.o
                0x000000000800076c                GY271_ReadRawData
 .text.i2c_start
                0x0000000008000878       0x30 ./Core/Src/i2c.o
                0x0000000008000878                i2c_start
 .text.i2c_stop
                0x00000000080008a8       0x24 ./Core/Src/i2c.o
                0x00000000080008a8                i2c_stop
 .text.i2c_wait_flag_set
                0x00000000080008cc       0x3c ./Core/Src/i2c.o
 .text.i2c_clear_addr_flag
                0x0000000008000908       0x2c ./Core/Src/i2c.o
 .text.i2c_send_address
                0x0000000008000934       0x84 ./Core/Src/i2c.o
 .text.i2c_init
                0x00000000080009b8      0x130 ./Core/Src/i2c.o
                0x00000000080009b8                i2c_init
 .text.i2c_send_byte
                0x0000000008000ae8       0x74 ./Core/Src/i2c.o
                0x0000000008000ae8                i2c_send_byte
 .text.i2c_master_receive
                0x0000000008000b5c      0x22c ./Core/Src/i2c.o
                0x0000000008000b5c                i2c_master_receive
 .text.i2c_mem_write
                0x0000000008000d88       0xc0 ./Core/Src/i2c.o
                0x0000000008000d88                i2c_mem_write
 .text.i2c_mem_read
                0x0000000008000e48       0x98 ./Core/Src/i2c.o
                0x0000000008000e48                i2c_mem_read
 .text.Compass_AbsFloat
                0x0000000008000ee0       0x34 ./Core/Src/main.o
 .text.Compass_CalculateHeading
                0x0000000008000f14       0x6c ./Core/Src/main.o
 .text.Compass_NormalizeAngle
                0x0000000008000f80       0x68 ./Core/Src/main.o
 .text.Compass_WrapAngleError
                0x0000000008000fe8       0x74 ./Core/Src/main.o
 .text.Compass_GetAdaptiveMeasurementNoise
                0x000000000800105c       0x44 ./Core/Src/main.o
 .text.Compass_KalmanUpdate
                0x00000000080010a0      0x100 ./Core/Src/main.o
 .text.main     0x00000000080011a0      0x1b4 ./Core/Src/main.o
                0x00000000080011a0                main
 .text.NMI_Handler
                0x0000000008001354        0x6 ./Core/Src/stm32f4xx_it.o
                0x0000000008001354                NMI_Handler
 .text.HardFault_Handler
                0x000000000800135a        0x6 ./Core/Src/stm32f4xx_it.o
                0x000000000800135a                HardFault_Handler
 .text.MemManage_Handler
                0x0000000008001360        0x6 ./Core/Src/stm32f4xx_it.o
                0x0000000008001360                MemManage_Handler
 .text.BusFault_Handler
                0x0000000008001366        0x6 ./Core/Src/stm32f4xx_it.o
                0x0000000008001366                BusFault_Handler
 .text.UsageFault_Handler
                0x000000000800136c        0x6 ./Core/Src/stm32f4xx_it.o
                0x000000000800136c                UsageFault_Handler
 .text.SVC_Handler
                0x0000000008001372        0xe ./Core/Src/stm32f4xx_it.o
                0x0000000008001372                SVC_Handler
 .text.DebugMon_Handler
                0x0000000008001380        0xe ./Core/Src/stm32f4xx_it.o
                0x0000000008001380                DebugMon_Handler
 .text.PendSV_Handler
                0x000000000800138e        0xe ./Core/Src/stm32f4xx_it.o
                0x000000000800138e                PendSV_Handler
 .text.SysTick_Handler
                0x000000000800139c        0xe ./Core/Src/stm32f4xx_it.o
                0x000000000800139c                SysTick_Handler
 *fill*         0x00000000080013aa        0x2 
 .text.SystemInit
                0x00000000080013ac       0x24 ./Core/Src/system_stm32f4xx.o
                0x00000000080013ac                SystemInit
 .text.uart2_calculate_brr
                0x00000000080013d0       0x24 ./Core/Src/uart2.o
 .text.uart2_init
                0x00000000080013f4      0x118 ./Core/Src/uart2.o
                0x00000000080013f4                uart2_init
 .text.uart2_send_char
                0x000000000800150c       0x38 ./Core/Src/uart2.o
                0x000000000800150c                uart2_send_char
 .text.uart2_send_string
                0x0000000008001544       0x32 ./Core/Src/uart2.o
                0x0000000008001544                uart2_send_string
 *fill*         0x0000000008001576        0x2 
 .text.uart2_send_uint
                0x0000000008001578       0x80 ./Core/Src/uart2.o
                0x0000000008001578                uart2_send_uint
 .text.uart2_send_float
                0x00000000080015f8      0x104 ./Core/Src/uart2.o
                0x00000000080015f8                uart2_send_float
 .text.Reset_Handler
                0x00000000080016fc       0x50 ./Core/Startup/startup_stm32f411ceux.o
                0x00000000080016fc                Reset_Handler
 .text.Default_Handler
                0x000000000800174c        0x2 ./Core/Startup/startup_stm32f411ceux.o
                0x000000000800174c                RTC_Alarm_IRQHandler
                0x000000000800174c                EXTI2_IRQHandler
                0x000000000800174c                SPI4_IRQHandler
                0x000000000800174c                TIM1_CC_IRQHandler
                0x000000000800174c                DMA2_Stream5_IRQHandler
                0x000000000800174c                DMA1_Stream5_IRQHandler
                0x000000000800174c                PVD_IRQHandler
                0x000000000800174c                SDIO_IRQHandler
                0x000000000800174c                TAMP_STAMP_IRQHandler
                0x000000000800174c                EXTI3_IRQHandler
                0x000000000800174c                I2C3_ER_IRQHandler
                0x000000000800174c                EXTI0_IRQHandler
                0x000000000800174c                I2C2_EV_IRQHandler
                0x000000000800174c                DMA1_Stream2_IRQHandler
                0x000000000800174c                FPU_IRQHandler
                0x000000000800174c                DMA2_Stream2_IRQHandler
                0x000000000800174c                SPI1_IRQHandler
                0x000000000800174c                TIM1_BRK_TIM9_IRQHandler
                0x000000000800174c                DMA2_Stream3_IRQHandler
                0x000000000800174c                USART6_IRQHandler
                0x000000000800174c                DMA2_Stream0_IRQHandler
                0x000000000800174c                TIM4_IRQHandler
                0x000000000800174c                I2C1_EV_IRQHandler
                0x000000000800174c                DMA1_Stream6_IRQHandler
                0x000000000800174c                DMA1_Stream1_IRQHandler
                0x000000000800174c                TIM3_IRQHandler
                0x000000000800174c                RCC_IRQHandler
                0x000000000800174c                Default_Handler
                0x000000000800174c                EXTI15_10_IRQHandler
                0x000000000800174c                ADC_IRQHandler
                0x000000000800174c                DMA1_Stream7_IRQHandler
                0x000000000800174c                SPI5_IRQHandler
                0x000000000800174c                TIM5_IRQHandler
                0x000000000800174c                DMA2_Stream7_IRQHandler
                0x000000000800174c                I2C3_EV_IRQHandler
                0x000000000800174c                EXTI9_5_IRQHandler
                0x000000000800174c                RTC_WKUP_IRQHandler
                0x000000000800174c                SPI2_IRQHandler
                0x000000000800174c                DMA1_Stream0_IRQHandler
                0x000000000800174c                EXTI4_IRQHandler
                0x000000000800174c                WWDG_IRQHandler
                0x000000000800174c                TIM2_IRQHandler
                0x000000000800174c                OTG_FS_WKUP_IRQHandler
                0x000000000800174c                TIM1_TRG_COM_TIM11_IRQHandler
                0x000000000800174c                EXTI1_IRQHandler
                0x000000000800174c                USART2_IRQHandler
                0x000000000800174c                I2C2_ER_IRQHandler
                0x000000000800174c                DMA2_Stream1_IRQHandler
                0x000000000800174c                FLASH_IRQHandler
                0x000000000800174c                DMA2_Stream4_IRQHandler
                0x000000000800174c                USART1_IRQHandler
                0x000000000800174c                OTG_FS_IRQHandler
                0x000000000800174c                SPI3_IRQHandler
                0x000000000800174c                DMA1_Stream4_IRQHandler
                0x000000000800174c                I2C1_ER_IRQHandler
                0x000000000800174c                DMA2_Stream6_IRQHandler
                0x000000000800174c                DMA1_Stream3_IRQHandler
 *fill*         0x000000000800174e        0x2 
 .text.__libc_init_array
                0x0000000008001750       0x48 c:/st/stm32cubeide_1.7.0/stm32cubeide/plugins/com.st.stm32cube.ide.mcu.externaltools.gnu-tools-for-stm32.9-2020-q2-update.win32_2.0.0.202105311346/tools/bin/../lib/gcc/arm-none-eabi/9.3.1/../../../../arm-none-eabi/lib/thumb/v7e-m+fp/hard\libc_nano.a(lib_a-init.o)
                0x0000000008001750                __libc_init_array
 .text.atan2f   0x0000000008001798        0x4 c:/st/stm32cubeide_1.7.0/stm32cubeide/plugins/com.st.stm32cube.ide.mcu.externaltools.gnu-tools-for-stm32.9-2020-q2-update.win32_2.0.0.202105311346/tools/bin/../lib/gcc/arm-none-eabi/9.3.1/../../../../arm-none-eabi/lib/thumb/v7e-m+fp/hard\libm.a(lib_a-wf_atan2.o)
                0x0000000008001798                atan2f
 .text.__ieee754_atan2f
                0x000000000800179c      0x140 c:/st/stm32cubeide_1.7.0/stm32cubeide/plugins/com.st.stm32cube.ide.mcu.externaltools.gnu-tools-for-stm32.9-2020-q2-update.win32_2.0.0.202105311346/tools/bin/../lib/gcc/arm-none-eabi/9.3.1/../../../../arm-none-eabi/lib/thumb/v7e-m+fp/hard\libm.a(lib_a-ef_atan2.o)
                0x000000000800179c                __ieee754_atan2f
 .text.atanf    0x00000000080018dc      0x1a8 c:/st/stm32cubeide_1.7.0/stm32cubeide/plugins/com.st.stm32cube.ide.mcu.externaltools.gnu-tools-for-stm32.9-2020-q2-update.win32_2.0.0.202105311346/tools/bin/../lib/gcc/arm-none-eabi/9.3.1/../../../../arm-none-eabi/lib/thumb/v7e-m+fp/hard\libm.a(lib_a-sf_atan.o)
                0x00000000080018dc                atanf
 .text.fabsf    0x0000000008001a84        0xe c:/st/stm32cubeide_1.7.0/stm32cubeide/plugins/com.st.stm32cube.ide.mcu.externaltools.gnu-tools-for-stm32.9-2020-q2-update.win32_2.0.0.202105311346/tools/bin/../lib/gcc/arm-none-eabi/9.3.1/../../../../arm-none-eabi/lib/thumb/v7e-m+fp/hard\libm.a(lib_a-sf_fabs.o)
                0x0000000008001a84                fabsf
 *(.glue_7)
 .glue_7        0x0000000008001a92        0x0 linker stubs
 *(.glue_7t)
 .glue_7t       0x0000000008001a92        0x0 linker stubs
 *(.eh_frame)
 *fill*         0x0000000008001a92        0x2 
 .eh_frame      0x0000000008001a94        0x0 c:/st/stm32cubeide_1.7.0/stm32cubeide/plugins/com.st.stm32cube.ide.mcu.externaltools.gnu-tools-for-stm32.9-2020-q2-update.win32_2.0.0.202105311346/tools/bin/../lib/gcc/arm-none-eabi/9.3.1/thumb/v7e-m+fp/hard/crtbegin.o
 *(.init)
 .init          0x0000000008001a94        0x4 c:/st/stm32cubeide_1.7.0/stm32cubeide/plugins/com.st.stm32cube.ide.mcu.externaltools.gnu-tools-for-stm32.9-2020-q2-update.win32_2.0.0.202105311346/tools/bin/../lib/gcc/arm-none-eabi/9.3.1/thumb/v7e-m+fp/hard/crti.o
                0x0000000008001a94                _init
 .init          0x0000000008001a98        0x8 c:/st/stm32cubeide_1.7.0/stm32cubeide/plugins/com.st.stm32cube.ide.mcu.externaltools.gnu-tools-for-stm32.9-2020-q2-update.win32_2.0.0.202105311346/tools/bin/../lib/gcc/arm-none-eabi/9.3.1/thumb/v7e-m+fp/hard/crtn.o
 *(.fini)
 .fini          0x0000000008001aa0        0x4 c:/st/stm32cubeide_1.7.0/stm32cubeide/plugins/com.st.stm32cube.ide.mcu.externaltools.gnu-tools-for-stm32.9-2020-q2-update.win32_2.0.0.202105311346/tools/bin/../lib/gcc/arm-none-eabi/9.3.1/thumb/v7e-m+fp/hard/crti.o
                0x0000000008001aa0                _fini
 .fini          0x0000000008001aa4        0x8 c:/st/stm32cubeide_1.7.0/stm32cubeide/plugins/com.st.stm32cube.ide.mcu.externaltools.gnu-tools-for-stm32.9-2020-q2-update.win32_2.0.0.202105311346/tools/bin/../lib/gcc/arm-none-eabi/9.3.1/thumb/v7e-m+fp/hard/crtn.o
                0x0000000008001aac                . = ALIGN (0x4)
                0x0000000008001aac                _etext = .

.vfp11_veneer   0x0000000008001aac        0x0
 .vfp11_veneer  0x0000000008001aac        0x0 linker stubs

.v4_bx          0x0000000008001aac        0x0
 .v4_bx         0x0000000008001aac        0x0 linker stubs

.iplt           0x0000000008001aac        0x0
 .iplt          0x0000000008001aac        0x0 c:/st/stm32cubeide_1.7.0/stm32cubeide/plugins/com.st.stm32cube.ide.mcu.externaltools.gnu-tools-for-stm32.9-2020-q2-update.win32_2.0.0.202105311346/tools/bin/../lib/gcc/arm-none-eabi/9.3.1/thumb/v7e-m+fp/hard/crtbegin.o

.rodata         0x0000000008001aac       0x7c
                0x0000000008001aac                . = ALIGN (0x4)
 *(.rodata)
 .rodata        0x0000000008001aac       0x43 ./Core/Src/main.o
 *(.rodata*)
 *fill*         0x0000000008001aef        0x1 
 .rodata.CSWTCH.8
                0x0000000008001af0        0xc c:/st/stm32cubeide_1.7.0/stm32cubeide/plugins/com.st.stm32cube.ide.mcu.externaltools.gnu-tools-for-stm32.9-2020-q2-update.win32_2.0.0.202105311346/tools/bin/../lib/gcc/arm-none-eabi/9.3.1/../../../../arm-none-eabi/lib/thumb/v7e-m+fp/hard\libm.a(lib_a-ef_atan2.o)
 .rodata.CSWTCH.9
                0x0000000008001afc        0xc c:/st/stm32cubeide_1.7.0/stm32cubeide/plugins/com.st.stm32cube.ide.mcu.externaltools.gnu-tools-for-stm32.9-2020-q2-update.win32_2.0.0.202105311346/tools/bin/../lib/gcc/arm-none-eabi/9.3.1/../../../../arm-none-eabi/lib/thumb/v7e-m+fp/hard\libm.a(lib_a-ef_atan2.o)
 .rodata.atanhi
                0x0000000008001b08       0x10 c:/st/stm32cubeide_1.7.0/stm32cubeide/plugins/com.st.stm32cube.ide.mcu.externaltools.gnu-tools-for-stm32.9-2020-q2-update.win32_2.0.0.202105311346/tools/bin/../lib/gcc/arm-none-eabi/9.3.1/../../../../arm-none-eabi/lib/thumb/v7e-m+fp/hard\libm.a(lib_a-sf_atan.o)
 .rodata.atanlo
                0x0000000008001b18       0x10 c:/st/stm32cubeide_1.7.0/stm32cubeide/plugins/com.st.stm32cube.ide.mcu.externaltools.gnu-tools-for-stm32.9-2020-q2-update.win32_2.0.0.202105311346/tools/bin/../lib/gcc/arm-none-eabi/9.3.1/../../../../arm-none-eabi/lib/thumb/v7e-m+fp/hard\libm.a(lib_a-sf_atan.o)
                0x0000000008001b28                . = ALIGN (0x4)

.rel.dyn        0x0000000008001b28        0x0
 .rel.iplt      0x0000000008001b28        0x0 c:/st/stm32cubeide_1.7.0/stm32cubeide/plugins/com.st.stm32cube.ide.mcu.externaltools.gnu-tools-for-stm32.9-2020-q2-update.win32_2.0.0.202105311346/tools/bin/../lib/gcc/arm-none-eabi/9.3.1/thumb/v7e-m+fp/hard/crtbegin.o

.ARM.extab      0x0000000008001b28        0x0
                0x0000000008001b28                . = ALIGN (0x4)
 *(.ARM.extab* .gnu.linkonce.armextab.*)
                0x0000000008001b28                . = ALIGN (0x4)

.ARM            0x0000000008001b28        0x0
                0x0000000008001b28                . = ALIGN (0x4)
                0x0000000008001b28                __exidx_start = .
 *(.ARM.exidx*)
                0x0000000008001b28                __exidx_end = .
                0x0000000008001b28                . = ALIGN (0x4)

.preinit_array  0x0000000008001b28        0x0
                0x0000000008001b28                . = ALIGN (0x4)
                0x0000000008001b28                PROVIDE (__preinit_array_start = .)
 *(.preinit_array*)
                0x0000000008001b28                PROVIDE (__preinit_array_end = .)
                0x0000000008001b28                . = ALIGN (0x4)

.init_array     0x0000000008001b28        0x4
                0x0000000008001b28                . = ALIGN (0x4)
                0x0000000008001b28                PROVIDE (__init_array_start = .)
 *(SORT_BY_NAME(.init_array.*))
 *(.init_array*)
 .init_array    0x0000000008001b28        0x4 c:/st/stm32cubeide_1.7.0/stm32cubeide/plugins/com.st.stm32cube.ide.mcu.externaltools.gnu-tools-for-stm32.9-2020-q2-update.win32_2.0.0.202105311346/tools/bin/../lib/gcc/arm-none-eabi/9.3.1/thumb/v7e-m+fp/hard/crtbegin.o
                0x0000000008001b2c                PROVIDE (__init_array_end = .)
                0x0000000008001b2c                . = ALIGN (0x4)

.fini_array     0x0000000008001b2c        0x4
                0x0000000008001b2c                . = ALIGN (0x4)
                [!provide]                        PROVIDE (__fini_array_start = .)
 *(SORT_BY_NAME(.fini_array.*))
 *(.fini_array*)
 .fini_array    0x0000000008001b2c        0x4 c:/st/stm32cubeide_1.7.0/stm32cubeide/plugins/com.st.stm32cube.ide.mcu.externaltools.gnu-tools-for-stm32.9-2020-q2-update.win32_2.0.0.202105311346/tools/bin/../lib/gcc/arm-none-eabi/9.3.1/thumb/v7e-m+fp/hard/crtbegin.o
                [!provide]                        PROVIDE (__fini_array_end = .)
                0x0000000008001b30                . = ALIGN (0x4)
                0x0000000008001b30                _sidata = LOADADDR (.data)

.data           0x0000000020000000       0x70 load address 0x0000000008001b30
                0x0000000020000000                . = ALIGN (0x4)
                0x0000000020000000                _sdata = .
 *(.data)
 *(.data*)
 .data.gy271_addr
                0x0000000020000000        0x1 ./Core/Src/gy271.o
 *fill*         0x0000000020000001        0x3 
 .data.gy271_sensitivity
                0x0000000020000004        0x4 ./Core/Src/gy271.o
 .data.GPIOB_MODER
                0x0000000020000008        0x4 ./Core/Src/i2c.o
                0x0000000020000008                GPIOB_MODER
 .data.GPIOB_OTYPER
                0x000000002000000c        0x4 ./Core/Src/i2c.o
                0x000000002000000c                GPIOB_OTYPER
 .data.GPIOB_OSPEEDR
                0x0000000020000010        0x4 ./Core/Src/i2c.o
                0x0000000020000010                GPIOB_OSPEEDR
 .data.GPIOB_PUPDR
                0x0000000020000014        0x4 ./Core/Src/i2c.o
                0x0000000020000014                GPIOB_PUPDR
 .data.GPIOB_AFRL
                0x0000000020000018        0x4 ./Core/Src/i2c.o
                0x0000000020000018                GPIOB_AFRL
 .data.I2C1_CR1
                0x000000002000001c        0x4 ./Core/Src/i2c.o
                0x000000002000001c                I2C1_CR1
 .data.I2C1_CR2
                0x0000000020000020        0x4 ./Core/Src/i2c.o
                0x0000000020000020                I2C1_CR2
 .data.I2C1_OAR1
                0x0000000020000024        0x4 ./Core/Src/i2c.o
                0x0000000020000024                I2C1_OAR1
 .data.I2C1_DR  0x0000000020000028        0x4 ./Core/Src/i2c.o
                0x0000000020000028                I2C1_DR
 .data.I2C1_SR1
                0x000000002000002c        0x4 ./Core/Src/i2c.o
                0x000000002000002c                I2C1_SR1
 .data.I2C1_SR2
                0x0000000020000030        0x4 ./Core/Src/i2c.o
                0x0000000020000030                I2C1_SR2
 .data.I2C1_CCR
                0x0000000020000034        0x4 ./Core/Src/i2c.o
                0x0000000020000034                I2C1_CCR
 .data.I2C1_TRISE
                0x0000000020000038        0x4 ./Core/Src/i2c.o
                0x0000000020000038                I2C1_TRISE
 .data.gy271_status
                0x000000002000003c        0x1 ./Core/Src/main.o
                0x000000002000003c                gy271_status
 *fill*         0x000000002000003d        0x3 
 .data.compass_kalman_error
                0x0000000020000040        0x4 ./Core/Src/main.o
 .data.GPIOA_MODER
                0x0000000020000044        0x4 ./Core/Src/uart2.o
                0x0000000020000044                GPIOA_MODER
 .data.GPIOA_OTYPER
                0x0000000020000048        0x4 ./Core/Src/uart2.o
                0x0000000020000048                GPIOA_OTYPER
 .data.GPIOA_OSPEEDR
                0x000000002000004c        0x4 ./Core/Src/uart2.o
                0x000000002000004c                GPIOA_OSPEEDR
 .data.GPIOA_PUPDR
                0x0000000020000050        0x4 ./Core/Src/uart2.o
                0x0000000020000050                GPIOA_PUPDR
 .data.GPIOA_AFRL
                0x0000000020000054        0x4 ./Core/Src/uart2.o
                0x0000000020000054                GPIOA_AFRL
 .data.USART2_SR
                0x0000000020000058        0x4 ./Core/Src/uart2.o
                0x0000000020000058                USART2_SR
 .data.USART2_DR
                0x000000002000005c        0x4 ./Core/Src/uart2.o
                0x000000002000005c                USART2_DR
 .data.USART2_BRR
                0x0000000020000060        0x4 ./Core/Src/uart2.o
                0x0000000020000060                USART2_BRR
 .data.USART2_CR1
                0x0000000020000064        0x4 ./Core/Src/uart2.o
                0x0000000020000064                USART2_CR1
 .data.USART2_CR2
                0x0000000020000068        0x4 ./Core/Src/uart2.o
                0x0000000020000068                USART2_CR2
 .data.USART2_CR3
                0x000000002000006c        0x4 ./Core/Src/uart2.o
                0x000000002000006c                USART2_CR3
 *(.RamFunc)
 *(.RamFunc*)
                0x0000000020000070                . = ALIGN (0x4)
                0x0000000020000070                _edata = .

.igot.plt       0x0000000020000070        0x0 load address 0x0000000008001ba0
 .igot.plt      0x0000000020000070        0x0 c:/st/stm32cubeide_1.7.0/stm32cubeide/plugins/com.st.stm32cube.ide.mcu.externaltools.gnu-tools-for-stm32.9-2020-q2-update.win32_2.0.0.202105311346/tools/bin/../lib/gcc/arm-none-eabi/9.3.1/thumb/v7e-m+fp/hard/crtbegin.o
                0x0000000020000070                . = ALIGN (0x4)

.bss            0x0000000020000070       0x58 load address 0x0000000008001ba0
                0x0000000020000070                _sbss = .
                0x0000000020000070                __bss_start__ = _sbss
 *(.bss)
 .bss           0x0000000020000070       0x1c c:/st/stm32cubeide_1.7.0/stm32cubeide/plugins/com.st.stm32cube.ide.mcu.externaltools.gnu-tools-for-stm32.9-2020-q2-update.win32_2.0.0.202105311346/tools/bin/../lib/gcc/arm-none-eabi/9.3.1/thumb/v7e-m+fp/hard/crtbegin.o
 *(.bss*)
 .bss.tim1_cnt  0x000000002000008c        0x4 ./Core/Src/delay.o
                0x000000002000008c                tim1_cnt
 .bss.gy271_chip
                0x0000000020000090        0x1 ./Core/Src/gy271.o
 *fill*         0x0000000020000091        0x1 
 .bss.raw_x     0x0000000020000092        0x2 ./Core/Src/main.o
                0x0000000020000092                raw_x
 .bss.raw_y     0x0000000020000094        0x2 ./Core/Src/main.o
                0x0000000020000094                raw_y
 .bss.raw_z     0x0000000020000096        0x2 ./Core/Src/main.o
                0x0000000020000096                raw_z
 .bss.mag_x     0x0000000020000098        0x4 ./Core/Src/main.o
                0x0000000020000098                mag_x
 .bss.mag_y     0x000000002000009c        0x4 ./Core/Src/main.o
                0x000000002000009c                mag_y
 .bss.mag_z     0x00000000200000a0        0x4 ./Core/Src/main.o
                0x00000000200000a0                mag_z
 .bss.heading_uncalibrated_raw
                0x00000000200000a4        0x4 ./Core/Src/main.o
                0x00000000200000a4                heading_uncalibrated_raw
 .bss.heading   0x00000000200000a8        0x4 ./Core/Src/main.o
                0x00000000200000a8                heading
 .bss.heading_raw
                0x00000000200000ac        0x4 ./Core/Src/main.o
                0x00000000200000ac                heading_raw
 .bss.compass_degree
                0x00000000200000b0        0x4 ./Core/Src/main.o
                0x00000000200000b0                compass_degree
 .bss.compass_degree_int
                0x00000000200000b4        0x2 ./Core/Src/main.o
                0x00000000200000b4                compass_degree_int
 *fill*         0x00000000200000b6        0x2 
 .bss.compass_kalman_angle
                0x00000000200000b8        0x4 ./Core/Src/main.o
 .bss.compass_kalman_initialized
                0x00000000200000bc        0x1 ./Core/Src/main.o
 *(COMMON)
 *fill*         0x00000000200000bd        0x1 
 COMMON         0x00000000200000be        0x8 ./Core/Src/gy271.o
                0x00000000200000be                debug_gy271_raw_y
                0x00000000200000c0                debug_gy271_status
                0x00000000200000c1                debug_gy271_chip
                0x00000000200000c2                debug_gy271_raw_z
                0x00000000200000c4                debug_gy271_raw_x
                0x00000000200000c8                . = ALIGN (0x4)
 *fill*         0x00000000200000c6        0x2 
                0x00000000200000c8                _ebss = .
                0x00000000200000c8                __bss_end__ = _ebss

._user_heap_stack
                0x00000000200000c8      0x600 load address 0x0000000008001ba0
                0x00000000200000c8                . = ALIGN (0x8)
                [!provide]                        PROVIDE (end = .)
                0x00000000200000c8                PROVIDE (_end = .)
                0x00000000200002c8                . = (. + _Min_Heap_Size)
 *fill*         0x00000000200000c8      0x200 
                0x00000000200006c8                . = (. + _Min_Stack_Size)
 *fill*         0x00000000200002c8      0x400 
                0x00000000200006c8                . = ALIGN (0x8)

/DISCARD/
 libc.a(*)
 libm.a(*)
 libgcc.a(*)

.ARM.attributes
                0x0000000000000000       0x30
 *(.ARM.attributes)
 .ARM.attributes
                0x0000000000000000       0x1e c:/st/stm32cubeide_1.7.0/stm32cubeide/plugins/com.st.stm32cube.ide.mcu.externaltools.gnu-tools-for-stm32.9-2020-q2-update.win32_2.0.0.202105311346/tools/bin/../lib/gcc/arm-none-eabi/9.3.1/thumb/v7e-m+fp/hard/crti.o
 .ARM.attributes
                0x000000000000001e       0x34 c:/st/stm32cubeide_1.7.0/stm32cubeide/plugins/com.st.stm32cube.ide.mcu.externaltools.gnu-tools-for-stm32.9-2020-q2-update.win32_2.0.0.202105311346/tools/bin/../lib/gcc/arm-none-eabi/9.3.1/thumb/v7e-m+fp/hard/crtbegin.o
 .ARM.attributes
                0x0000000000000052       0x34 ./Core/Src/clock.o
 .ARM.attributes
                0x0000000000000086       0x34 ./Core/Src/delay.o
 .ARM.attributes
                0x00000000000000ba       0x34 ./Core/Src/gy271.o
 .ARM.attributes
                0x00000000000000ee       0x34 ./Core/Src/i2c.o
 .ARM.attributes
                0x0000000000000122       0x34 ./Core/Src/main.o
 .ARM.attributes
                0x0000000000000156       0x34 ./Core/Src/stm32f4xx_it.o
 .ARM.attributes
                0x000000000000018a       0x34 ./Core/Src/system_stm32f4xx.o
 .ARM.attributes
                0x00000000000001be       0x34 ./Core/Src/uart2.o
 .ARM.attributes
                0x00000000000001f2       0x21 ./Core/Startup/startup_stm32f411ceux.o
 .ARM.attributes
                0x0000000000000213       0x34 c:/st/stm32cubeide_1.7.0/stm32cubeide/plugins/com.st.stm32cube.ide.mcu.externaltools.gnu-tools-for-stm32.9-2020-q2-update.win32_2.0.0.202105311346/tools/bin/../lib/gcc/arm-none-eabi/9.3.1/../../../../arm-none-eabi/lib/thumb/v7e-m+fp/hard\libc_nano.a(lib_a-init.o)
 .ARM.attributes
                0x0000000000000247       0x34 c:/st/stm32cubeide_1.7.0/stm32cubeide/plugins/com.st.stm32cube.ide.mcu.externaltools.gnu-tools-for-stm32.9-2020-q2-update.win32_2.0.0.202105311346/tools/bin/../lib/gcc/arm-none-eabi/9.3.1/../../../../arm-none-eabi/lib/thumb/v7e-m+fp/hard\libm.a(lib_a-wf_atan2.o)
 .ARM.attributes
                0x000000000000027b       0x34 c:/st/stm32cubeide_1.7.0/stm32cubeide/plugins/com.st.stm32cube.ide.mcu.externaltools.gnu-tools-for-stm32.9-2020-q2-update.win32_2.0.0.202105311346/tools/bin/../lib/gcc/arm-none-eabi/9.3.1/../../../../arm-none-eabi/lib/thumb/v7e-m+fp/hard\libm.a(lib_a-ef_atan2.o)
 .ARM.attributes
                0x00000000000002af       0x34 c:/st/stm32cubeide_1.7.0/stm32cubeide/plugins/com.st.stm32cube.ide.mcu.externaltools.gnu-tools-for-stm32.9-2020-q2-update.win32_2.0.0.202105311346/tools/bin/../lib/gcc/arm-none-eabi/9.3.1/../../../../arm-none-eabi/lib/thumb/v7e-m+fp/hard\libm.a(lib_a-sf_atan.o)
 .ARM.attributes
                0x00000000000002e3       0x34 c:/st/stm32cubeide_1.7.0/stm32cubeide/plugins/com.st.stm32cube.ide.mcu.externaltools.gnu-tools-for-stm32.9-2020-q2-update.win32_2.0.0.202105311346/tools/bin/../lib/gcc/arm-none-eabi/9.3.1/../../../../arm-none-eabi/lib/thumb/v7e-m+fp/hard\libm.a(lib_a-sf_fabs.o)
 .ARM.attributes
                0x0000000000000317       0x1e c:/st/stm32cubeide_1.7.0/stm32cubeide/plugins/com.st.stm32cube.ide.mcu.externaltools.gnu-tools-for-stm32.9-2020-q2-update.win32_2.0.0.202105311346/tools/bin/../lib/gcc/arm-none-eabi/9.3.1/thumb/v7e-m+fp/hard/crtn.o
OUTPUT(driver_gyro.elf elf32-littlearm)
LOAD linker stubs
LOAD c:/st/stm32cubeide_1.7.0/stm32cubeide/plugins/com.st.stm32cube.ide.mcu.externaltools.gnu-tools-for-stm32.9-2020-q2-update.win32_2.0.0.202105311346/tools/bin/../lib/gcc/arm-none-eabi/9.3.1/../../../../arm-none-eabi/lib/thumb/v7e-m+fp/hard\libc.a
LOAD c:/st/stm32cubeide_1.7.0/stm32cubeide/plugins/com.st.stm32cube.ide.mcu.externaltools.gnu-tools-for-stm32.9-2020-q2-update.win32_2.0.0.202105311346/tools/bin/../lib/gcc/arm-none-eabi/9.3.1/../../../../arm-none-eabi/lib/thumb/v7e-m+fp/hard\libm.a
LOAD c:/st/stm32cubeide_1.7.0/stm32cubeide/plugins/com.st.stm32cube.ide.mcu.externaltools.gnu-tools-for-stm32.9-2020-q2-update.win32_2.0.0.202105311346/tools/bin/../lib/gcc/arm-none-eabi/9.3.1/thumb/v7e-m+fp/hard\libgcc.a

.debug_info     0x0000000000000000     0x2fa0
 .debug_info    0x0000000000000000      0x2e9 ./Core/Src/clock.o
 .debug_info    0x00000000000002e9      0x1d6 ./Core/Src/delay.o
 .debug_info    0x00000000000004bf      0xe6c ./Core/Src/gy271.o
 .debug_info    0x000000000000132b      0x57b ./Core/Src/i2c.o
 .debug_info    0x00000000000018a6      0xcc8 ./Core/Src/main.o
 .debug_info    0x000000000000256e       0xcc ./Core/Src/stm32f4xx_it.o
 .debug_info    0x000000000000263a      0x572 ./Core/Src/system_stm32f4xx.o
 .debug_info    0x0000000000002bac      0x3d2 ./Core/Src/uart2.o
 .debug_info    0x0000000000002f7e       0x22 ./Core/Startup/startup_stm32f411ceux.o

.debug_abbrev   0x0000000000000000      0xbb9
 .debug_abbrev  0x0000000000000000       0xb9 ./Core/Src/clock.o
 .debug_abbrev  0x00000000000000b9       0xef ./Core/Src/delay.o
 .debug_abbrev  0x00000000000001a8      0x306 ./Core/Src/gy271.o
 .debug_abbrev  0x00000000000004ae      0x1e0 ./Core/Src/i2c.o
 .debug_abbrev  0x000000000000068e      0x267 ./Core/Src/main.o
 .debug_abbrev  0x00000000000008f5       0x31 ./Core/Src/stm32f4xx_it.o
 .debug_abbrev  0x0000000000000926      0x129 ./Core/Src/system_stm32f4xx.o
 .debug_abbrev  0x0000000000000a4f      0x158 ./Core/Src/uart2.o
 .debug_abbrev  0x0000000000000ba7       0x12 ./Core/Startup/startup_stm32f411ceux.o

.debug_aranges  0x0000000000000000      0x2c0
 .debug_aranges
                0x0000000000000000       0x40 ./Core/Src/clock.o
 .debug_aranges
                0x0000000000000040       0x30 ./Core/Src/delay.o
 .debug_aranges
                0x0000000000000070       0x88 ./Core/Src/gy271.o
 .debug_aranges
                0x00000000000000f8       0x78 ./Core/Src/i2c.o
 .debug_aranges
                0x0000000000000170       0x50 ./Core/Src/main.o
 .debug_aranges
                0x00000000000001c0       0x60 ./Core/Src/stm32f4xx_it.o
 .debug_aranges
                0x0000000000000220       0x28 ./Core/Src/system_stm32f4xx.o
 .debug_aranges
                0x0000000000000248       0x50 ./Core/Src/uart2.o
 .debug_aranges
                0x0000000000000298       0x28 ./Core/Startup/startup_stm32f411ceux.o

.debug_ranges   0x0000000000000000      0x238
 .debug_ranges  0x0000000000000000       0x30 ./Core/Src/clock.o
 .debug_ranges  0x0000000000000030       0x20 ./Core/Src/delay.o
 .debug_ranges  0x0000000000000050       0x78 ./Core/Src/gy271.o
 .debug_ranges  0x00000000000000c8       0x68 ./Core/Src/i2c.o
 .debug_ranges  0x0000000000000130       0x40 ./Core/Src/main.o
 .debug_ranges  0x0000000000000170       0x50 ./Core/Src/stm32f4xx_it.o
 .debug_ranges  0x00000000000001c0       0x18 ./Core/Src/system_stm32f4xx.o
 .debug_ranges  0x00000000000001d8       0x40 ./Core/Src/uart2.o
 .debug_ranges  0x0000000000000218       0x20 ./Core/Startup/startup_stm32f411ceux.o

.debug_macro    0x0000000000000000     0xebdf
 .debug_macro   0x0000000000000000       0x78 ./Core/Src/clock.o
 .debug_macro   0x0000000000000078      0xaa2 ./Core/Src/clock.o
 .debug_macro   0x0000000000000b1a       0x16 ./Core/Src/clock.o
 .debug_macro   0x0000000000000b30       0x22 ./Core/Src/clock.o
 .debug_macro   0x0000000000000b52       0x8e ./Core/Src/clock.o
 .debug_macro   0x0000000000000be0       0x51 ./Core/Src/clock.o
 .debug_macro   0x0000000000000c31      0x103 ./Core/Src/clock.o
 .debug_macro   0x0000000000000d34       0x6a ./Core/Src/clock.o
 .debug_macro   0x0000000000000d9e      0x1df ./Core/Src/clock.o
 .debug_macro   0x0000000000000f7d       0x8a ./Core/Src/delay.o
 .debug_macro   0x0000000000001007      0x136 ./Core/Src/gy271.o
 .debug_macro   0x000000000000113d       0x64 ./Core/Src/gy271.o
 .debug_macro   0x00000000000011a1       0x52 ./Core/Src/gy271.o
 .debug_macro   0x00000000000011f3       0x18 ./Core/Src/gy271.o
 .debug_macro   0x000000000000120b       0x3c ./Core/Src/gy271.o
 .debug_macro   0x0000000000001247       0x34 ./Core/Src/gy271.o
 .debug_macro   0x000000000000127b      0x174 ./Core/Src/gy271.o
 .debug_macro   0x00000000000013ef       0x16 ./Core/Src/gy271.o
 .debug_macro   0x0000000000001405       0x43 ./Core/Src/gy271.o
 .debug_macro   0x0000000000001448       0x34 ./Core/Src/gy271.o
 .debug_macro   0x000000000000147c       0x10 ./Core/Src/gy271.o
 .debug_macro   0x000000000000148c       0x58 ./Core/Src/gy271.o
 .debug_macro   0x00000000000014e4       0x71 ./Core/Src/gy271.o
 .debug_macro   0x0000000000001555       0x1c ./Core/Src/gy271.o
 .debug_macro   0x0000000000001571      0x12a ./Core/Src/gy271.o
 .debug_macro   0x000000000000169b      0x339 ./Core/Src/gy271.o
 .debug_macro   0x00000000000019d4      0x1a9 ./Core/Src/gy271.o
 .debug_macro   0x0000000000001b7d       0xe2 ./Core/Src/i2c.o
 .debug_macro   0x0000000000001c5f      0x156 ./Core/Src/main.o
 .debug_macro   0x0000000000001db5       0x10 ./Core/Src/main.o
 .debug_macro   0x0000000000001dc5       0x1b ./Core/Src/stm32f4xx_it.o
 .debug_macro   0x0000000000001de0       0xda ./Core/Src/system_stm32f4xx.o
 .debug_macro   0x0000000000001eba       0x2e ./Core/Src/system_stm32f4xx.o
 .debug_macro   0x0000000000001ee8       0x28 ./Core/Src/system_stm32f4xx.o
 .debug_macro   0x0000000000001f10       0x1c ./Core/Src/system_stm32f4xx.o
 .debug_macro   0x0000000000001f2c       0x22 ./Core/Src/system_stm32f4xx.o
 .debug_macro   0x0000000000001f4e       0xdf ./Core/Src/system_stm32f4xx.o
 .debug_macro   0x000000000000202d     0x102d ./Core/Src/system_stm32f4xx.o
 .debug_macro   0x000000000000305a      0x11f ./Core/Src/system_stm32f4xx.o
 .debug_macro   0x0000000000003179     0xb953 ./Core/Src/system_stm32f4xx.o
 .debug_macro   0x000000000000eacc       0x6d ./Core/Src/system_stm32f4xx.o
 .debug_macro   0x000000000000eb39       0xa6 ./Core/Src/uart2.o

.debug_line     0x0000000000000000     0x2b47
 .debug_line    0x0000000000000000      0x49d ./Core/Src/clock.o
 .debug_line    0x000000000000049d      0x3fc ./Core/Src/delay.o
 .debug_line    0x0000000000000899      0x8a2 ./Core/Src/gy271.o
 .debug_line    0x000000000000113b      0x77a ./Core/Src/i2c.o
 .debug_line    0x00000000000018b5      0x6b0 ./Core/Src/main.o
 .debug_line    0x0000000000001f65      0x122 ./Core/Src/stm32f4xx_it.o
 .debug_line    0x0000000000002087      0x4f2 ./Core/Src/system_stm32f4xx.o
 .debug_line    0x0000000000002579      0x546 ./Core/Src/uart2.o
 .debug_line    0x0000000000002abf       0x88 ./Core/Startup/startup_stm32f411ceux.o

.debug_str      0x0000000000000000    0x5482b
 .debug_str     0x0000000000000000     0x3ef8 ./Core/Src/clock.o
                                       0x406c (size before relaxing)
 .debug_str     0x0000000000003ef8       0xec ./Core/Src/delay.o
                                       0x3ec0 (size before relaxing)
 .debug_str     0x0000000000003fe4     0x4008 ./Core/Src/gy271.o
                                       0x7e3f (size before relaxing)
 .debug_str     0x0000000000007fec      0x305 ./Core/Src/i2c.o
                                       0x41bc (size before relaxing)
 .debug_str     0x00000000000082f1      0x28d ./Core/Src/main.o
                                       0x7f21 (size before relaxing)
 .debug_str     0x000000000000857e       0xbd ./Core/Src/stm32f4xx_it.o
                                       0x2e50 (size before relaxing)
 .debug_str     0x000000000000863b    0x4bfe5 ./Core/Src/system_stm32f4xx.o
                                      0x4fceb (size before relaxing)
 .debug_str     0x0000000000054620      0x1d5 ./Core/Src/uart2.o
                                       0x4088 (size before relaxing)
 .debug_str     0x00000000000547f5       0x36 ./Core/Startup/startup_stm32f411ceux.o
                                         0x74 (size before relaxing)

.comment        0x0000000000000000       0x53
 .comment       0x0000000000000000       0x53 ./Core/Src/clock.o
                                         0x54 (size before relaxing)
 .comment       0x0000000000000053       0x54 ./Core/Src/delay.o
 .comment       0x0000000000000053       0x54 ./Core/Src/gy271.o
 .comment       0x0000000000000053       0x54 ./Core/Src/i2c.o
 .comment       0x0000000000000053       0x54 ./Core/Src/main.o
 .comment       0x0000000000000053       0x54 ./Core/Src/stm32f4xx_it.o
 .comment       0x0000000000000053       0x54 ./Core/Src/system_stm32f4xx.o
 .comment       0x0000000000000053       0x54 ./Core/Src/uart2.o

.debug_frame    0x0000000000000000      0x954
 .debug_frame   0x0000000000000000       0xd8 ./Core/Src/clock.o
 .debug_frame   0x00000000000000d8       0x84 ./Core/Src/delay.o
 .debug_frame   0x000000000000015c      0x1f4 ./Core/Src/gy271.o
 .debug_frame   0x0000000000000350      0x1b8 ./Core/Src/i2c.o
 .debug_frame   0x0000000000000508      0x114 ./Core/Src/main.o
 .debug_frame   0x000000000000061c      0x108 ./Core/Src/stm32f4xx_it.o
 .debug_frame   0x0000000000000724       0x58 ./Core/Src/system_stm32f4xx.o
 .debug_frame   0x000000000000077c      0x110 ./Core/Src/uart2.o
 .debug_frame   0x000000000000088c       0x2c c:/st/stm32cubeide_1.7.0/stm32cubeide/plugins/com.st.stm32cube.ide.mcu.externaltools.gnu-tools-for-stm32.9-2020-q2-update.win32_2.0.0.202105311346/tools/bin/../lib/gcc/arm-none-eabi/9.3.1/../../../../arm-none-eabi/lib/thumb/v7e-m+fp/hard\libc_nano.a(lib_a-init.o)
 .debug_frame   0x00000000000008b8       0x20 c:/st/stm32cubeide_1.7.0/stm32cubeide/plugins/com.st.stm32cube.ide.mcu.externaltools.gnu-tools-for-stm32.9-2020-q2-update.win32_2.0.0.202105311346/tools/bin/../lib/gcc/arm-none-eabi/9.3.1/../../../../arm-none-eabi/lib/thumb/v7e-m+fp/hard\libm.a(lib_a-wf_atan2.o)
 .debug_frame   0x00000000000008d8       0x30 c:/st/stm32cubeide_1.7.0/stm32cubeide/plugins/com.st.stm32cube.ide.mcu.externaltools.gnu-tools-for-stm32.9-2020-q2-update.win32_2.0.0.202105311346/tools/bin/../lib/gcc/arm-none-eabi/9.3.1/../../../../arm-none-eabi/lib/thumb/v7e-m+fp/hard\libm.a(lib_a-ef_atan2.o)
 .debug_frame   0x0000000000000908       0x2c c:/st/stm32cubeide_1.7.0/stm32cubeide/plugins/com.st.stm32cube.ide.mcu.externaltools.gnu-tools-for-stm32.9-2020-q2-update.win32_2.0.0.202105311346/tools/bin/../lib/gcc/arm-none-eabi/9.3.1/../../../../arm-none-eabi/lib/thumb/v7e-m+fp/hard\libm.a(lib_a-sf_atan.o)
 .debug_frame   0x0000000000000934       0x20 c:/st/stm32cubeide_1.7.0/stm32cubeide/plugins/com.st.stm32cube.ide.mcu.externaltools.gnu-tools-for-stm32.9-2020-q2-update.win32_2.0.0.202105311346/tools/bin/../lib/gcc/arm-none-eabi/9.3.1/../../../../arm-none-eabi/lib/thumb/v7e-m+fp/hard\libm.a(lib_a-sf_fabs.o)
